[
  {
    "id": "758f8c45-7c8d-4ab1-92d5-ddcaab8bf709",
    "url": "http://localhost/api/settings/one.json",
    "method": "GET",
    "requests": [
      {
        "user": "alice@authcov.io",
        "pageUrl": "http://localhost",
        "headers": {
          "referer": "http://localhost/",
          "user-agent": "Mozilla/5.0 (X11; Linux x86_64) AppleWebKit/537.36 (KHTML, like Gecko) HeadlessChrome/75.0.3770.100 Safari/537.36",
          "cookie": "_my_app_session=0c9f87acf516fc67e7ebf3d438fe40ca"
        },
        "response": {
          "status": 200,
          "headers": {
            "date": "Thu, 01 Aug 2019 13:40:55 GMT",
            "x-content-type-options": "nosniff",
            "x-permitted-cross-domain-policies": "none",
            "transfer-encoding": "chunked",
            "connection": "keep-alive",
            "vary": "Origin",
            "x-xss-protection": "1; mode=block",
            "x-request-id": "d9d5b49d-dd9f-4104-a15c-70b6456e3438",
            "x-runtime": "0.003848",
            "referrer-policy": "strict-origin-when-cross-origin",
            "server": "nginx/1.17.2",
            "etag": "W/\"2ff439d24c9e548c6bbf2e6aa0387051\"",
            "x-download-options": "noopen",
            "x-frame-options": "SAMEORIGIN",
            "content-type": "application/json; charset=utf-8",
            "cache-control": "max-age=0, private, must-revalidate"
          },
          "authorised": true
        }
      },
      {
        "user": "alice@authcov.io",
        "pageUrl": "http://localhost/",
        "headers": {
          "referer": "http://localhost/",
          "user-agent": "Mozilla/5.0 (X11; Linux x86_64) AppleWebKit/537.36 (KHTML, like Gecko) HeadlessChrome/75.0.3770.100 Safari/537.36",
          "cookie": "_my_app_session=0c9f87acf516fc67e7ebf3d438fe40ca"
        },
        "response": {
          "status": 200,
          "headers": {
            "date": "Thu, 01 Aug 2019 13:40:56 GMT",
            "x-content-type-options": "nosniff",
            "x-permitted-cross-domain-policies": "none",
            "transfer-encoding": "chunked",
            "connection": "keep-alive",
            "vary": "Origin",
            "x-xss-protection": "1; mode=block",
            "x-request-id": "595edaa7-4ff0-4624-935a-95a90ffb959e",
            "x-runtime": "0.003960",
            "referrer-policy": "strict-origin-when-cross-origin",
            "server": "nginx/1.17.2",
            "etag": "W/\"2ff439d24c9e548c6bbf2e6aa0387051\"",
            "x-download-options": "noopen",
            "x-frame-options": "SAMEORIGIN",
            "content-type": "application/json; charset=utf-8",
            "cache-control": "max-age=0, private, must-revalidate"
          },
          "authorised": true
        }
      }
    ]
  },
  {
    "id": "cecd5917-9c2f-47f1-9fa9-f1834a2d00cc",
    "url": "http://localhost/api/secrets.json",
    "method": "GET",
    "requests": [
      {
        "user": "alice@authcov.io",
        "pageUrl": "http://localhost/secrets/",
        "headers": {
          "referer": "http://localhost/secrets/",
          "user-agent": "Mozilla/5.0 (X11; Linux x86_64) AppleWebKit/537.36 (KHTML, like Gecko) HeadlessChrome/75.0.3770.100 Safari/537.36",
          "cookie": "_my_app_session=0c9f87acf516fc67e7ebf3d438fe40ca"
        },
        "response": {
          "status": 200,
          "headers": {
            "date": "Thu, 01 Aug 2019 13:40:55 GMT",
            "x-content-type-options": "nosniff",
            "x-permitted-cross-domain-policies": "none",
            "transfer-encoding": "chunked",
            "connection": "keep-alive",
            "vary": "Origin",
            "x-xss-protection": "1; mode=block",
            "x-request-id": "d49e7f90-7cdd-4fd3-adb3-2a07180d8c94",
            "x-runtime": "0.014191",
            "referrer-policy": "strict-origin-when-cross-origin",
            "server": "nginx/1.17.2",
            "etag": "W/\"5923f93dc555166fcaf8f9798a0f7aea\"",
            "x-download-options": "noopen",
            "x-frame-options": "SAMEORIGIN",
            "content-type": "application/json; charset=utf-8",
            "cache-control": "max-age=0, private, must-revalidate"
          },
          "authorised": true
        }
      },
      {
        "user": "alice@authcov.io",
        "pageUrl": "http://localhost/secrets",
        "headers": {
          "referer": "http://localhost/secrets",
          "user-agent": "Mozilla/5.0 (X11; Linux x86_64) AppleWebKit/537.36 (KHTML, like Gecko) HeadlessChrome/75.0.3770.100 Safari/537.36",
          "cookie": "_my_app_session=0c9f87acf516fc67e7ebf3d438fe40ca"
        },
        "response": {
          "status": 200,
          "headers": {
            "date": "Thu, 01 Aug 2019 13:40:59 GMT",
            "x-content-type-options": "nosniff",
            "x-permitted-cross-domain-policies": "none",
            "transfer-encoding": "chunked",
            "connection": "keep-alive",
            "vary": "Origin",
            "x-xss-protection": "1; mode=block",
            "x-request-id": "7183776c-97d2-4fa3-839e-3549406fa20e",
            "x-runtime": "0.008643",
            "referrer-policy": "strict-origin-when-cross-origin",
            "server": "nginx/1.17.2",
            "etag": "W/\"5923f93dc555166fcaf8f9798a0f7aea\"",
            "x-download-options": "noopen",
            "x-frame-options": "SAMEORIGIN",
            "content-type": "application/json; charset=utf-8",
            "cache-control": "max-age=0, private, must-revalidate"
          },
          "authorised": true
        }
      }
    ]
  },
  {
    "id": "4ce60476-5b64-4cbe-9959-2f56e3985f80",
    "url": "http://localhost/api/posts.json",
    "method": "GET",
    "requests": [
      {
        "user": "alice@authcov.io",
        "pageUrl": "http://localhost/posts",
        "headers": {
          "referer": "http://localhost/posts",
          "user-agent": "Mozilla/5.0 (X11; Linux x86_64) AppleWebKit/537.36 (KHTML, like Gecko) HeadlessChrome/75.0.3770.100 Safari/537.36",
          "cookie": "_my_app_session=0c9f87acf516fc67e7ebf3d438fe40ca"
        },
        "response": {
          "status": 200,
          "headers": {
            "date": "Thu, 01 Aug 2019 13:40:55 GMT",
            "x-content-type-options": "nosniff",
            "x-permitted-cross-domain-policies": "none",
            "transfer-encoding": "chunked",
            "connection": "keep-alive",
            "vary": "Origin",
            "x-xss-protection": "1; mode=block",
            "x-request-id": "580a8866-b451-4696-85b9-05a5fae0d664",
            "x-runtime": "0.012299",
            "referrer-policy": "strict-origin-when-cross-origin",
            "server": "nginx/1.17.2",
            "etag": "W/\"3821164fbacf3dd6de60f8806c601702\"",
            "x-download-options": "noopen",
            "x-frame-options": "SAMEORIGIN",
            "content-type": "application/json; charset=utf-8",
            "cache-control": "max-age=0, private, must-revalidate"
          },
          "authorised": true
        }
      }
    ]
  },
  {
    "id": "cf8d1d45-af8b-475f-b47b-8ddce952ecb7",
    "url": "http://localhost/api/secrets/1.json",
    "method": "GET",
    "requests": [
      {
        "user": "alice@authcov.io",
        "pageUrl": "http://localhost/secrets/1",
        "headers": {
          "referer": "http://localhost/secrets/1",
          "user-agent": "Mozilla/5.0 (X11; Linux x86_64) AppleWebKit/537.36 (KHTML, like Gecko) HeadlessChrome/75.0.3770.100 Safari/537.36",
          "cookie": "_my_app_session=0c9f87acf516fc67e7ebf3d438fe40ca"
        },
        "response": {
          "status": 200,
          "headers": {
            "date": "Thu, 01 Aug 2019 13:40:57 GMT",
            "x-content-type-options": "nosniff",
            "x-permitted-cross-domain-policies": "none",
            "transfer-encoding": "chunked",
            "connection": "keep-alive",
            "vary": "Origin",
            "x-xss-protection": "1; mode=block",
            "x-request-id": "2e973fc8-a7c0-4682-abbd-fdbf127b55e3",
            "x-runtime": "0.017593",
            "referrer-policy": "strict-origin-when-cross-origin",
            "server": "nginx/1.17.2",
            "etag": "W/\"4472dc85fe58e565427ab247bed7b408\"",
            "x-download-options": "noopen",
            "x-frame-options": "SAMEORIGIN",
            "content-type": "application/json; charset=utf-8",
            "cache-control": "max-age=0, private, must-revalidate"
          },
          "authorised": true
        }
      },
      {
        "user": "alice@authcov.io",
        "pageUrl": "http://localhost/secrets/1/edit",
        "headers": {
          "referer": "http://localhost/secrets/1/edit",
          "user-agent": "Mozilla/5.0 (X11; Linux x86_64) AppleWebKit/537.36 (KHTML, like Gecko) HeadlessChrome/75.0.3770.100 Safari/537.36",
          "cookie": "_my_app_session=0c9f87acf516fc67e7ebf3d438fe40ca"
        },
        "response": {
          "status": 200,
          "headers": {
            "date": "Thu, 01 Aug 2019 13:40:59 GMT",
            "x-content-type-options": "nosniff",
            "x-permitted-cross-domain-policies": "none",
            "transfer-encoding": "chunked",
            "connection": "keep-alive",
            "vary": "Origin",
            "x-xss-protection": "1; mode=block",
            "x-request-id": "8d9d900c-322a-4fe8-b2d9-94cb62b337d6",
            "x-runtime": "0.010485",
            "referrer-policy": "strict-origin-when-cross-origin",
            "server": "nginx/1.17.2",
            "etag": "W/\"4472dc85fe58e565427ab247bed7b408\"",
            "x-download-options": "noopen",
            "x-frame-options": "SAMEORIGIN",
            "content-type": "application/json; charset=utf-8",
            "cache-control": "max-age=0, private, must-revalidate"
          },
          "authorised": true
        }
      }
    ]
  },
  {
    "id": "c4fcd176-b486-4a76-8345-f5d6b96833bd",
    "url": "http://localhost/api/posts/1.json",
    "method": "GET",
    "requests": [
      {
        "user": "alice@authcov.io",
        "pageUrl": "http://localhost/posts/1",
        "headers": {
          "referer": "http://localhost/posts/1",
          "user-agent": "Mozilla/5.0 (X11; Linux x86_64) AppleWebKit/537.36 (KHTML, like Gecko) HeadlessChrome/75.0.3770.100 Safari/537.36",
          "cookie": "_my_app_session=0c9f87acf516fc67e7ebf3d438fe40ca"
        },
        "response": {
          "status": 200,
          "headers": {
            "date": "Thu, 01 Aug 2019 13:40:57 GMT",
            "x-content-type-options": "nosniff",
            "x-permitted-cross-domain-policies": "none",
            "transfer-encoding": "chunked",
            "connection": "keep-alive",
            "vary": "Origin",
            "x-xss-protection": "1; mode=block",
            "x-request-id": "50e26cbf-05a5-44cd-9451-b4e484bbe539",
            "x-runtime": "0.022708",
            "referrer-policy": "strict-origin-when-cross-origin",
            "server": "nginx/1.17.2",
            "etag": "W/\"c4b8c21d73eefa4dc8d11b89a1a6c9cf\"",
            "x-download-options": "noopen",
            "x-frame-options": "SAMEORIGIN",
            "content-type": "application/json; charset=utf-8",
            "cache-control": "max-age=0, private, must-revalidate"
          },
          "authorised": true
        }
      },
      {
        "user": "alice@authcov.io",
        "pageUrl": "http://localhost/posts/1/edit",
        "headers": {
          "referer": "http://localhost/posts/1/edit",
          "user-agent": "Mozilla/5.0 (X11; Linux x86_64) AppleWebKit/537.36 (KHTML, like Gecko) HeadlessChrome/75.0.3770.100 Safari/537.36",
          "cookie": "_my_app_session=0c9f87acf516fc67e7ebf3d438fe40ca"
        },
        "response": {
          "status": 200,
          "headers": {
            "date": "Thu, 01 Aug 2019 13:40:59 GMT",
            "x-content-type-options": "nosniff",
            "x-permitted-cross-domain-policies": "none",
            "transfer-encoding": "chunked",
            "connection": "keep-alive",
            "vary": "Origin",
            "x-xss-protection": "1; mode=block",
            "x-request-id": "e4f6df36-e896-4a80-9e7c-5b40c6175686",
            "x-runtime": "0.009365",
            "referrer-policy": "strict-origin-when-cross-origin",
            "server": "nginx/1.17.2",
            "etag": "W/\"c4b8c21d73eefa4dc8d11b89a1a6c9cf\"",
            "x-download-options": "noopen",
            "x-frame-options": "SAMEORIGIN",
            "content-type": "application/json; charset=utf-8",
            "cache-control": "max-age=0, private, must-revalidate"
          },
          "authorised": true
        }
      }
    ]
  },
  {
    "id": "1a54316f-e9d9-4f13-b92b-577dabe864e7",
    "url": "http://localhost/api/posts/3.json",
    "method": "GET",
    "requests": [
      {
        "user": "alice@authcov.io",
        "pageUrl": "http://localhost/posts/3",
        "headers": {
          "referer": "http://localhost/posts/3",
          "user-agent": "Mozilla/5.0 (X11; Linux x86_64) AppleWebKit/537.36 (KHTML, like Gecko) HeadlessChrome/75.0.3770.100 Safari/537.36",
          "cookie": "_my_app_session=0c9f87acf516fc67e7ebf3d438fe40ca"
        },
        "response": {
          "status": 200,
          "headers": {
            "date": "Thu, 01 Aug 2019 13:40:57 GMT",
            "x-content-type-options": "nosniff",
            "x-permitted-cross-domain-policies": "none",
            "transfer-encoding": "chunked",
            "connection": "keep-alive",
            "vary": "Origin",
            "x-xss-protection": "1; mode=block",
            "x-request-id": "d806ed2c-f061-48cf-983c-65553c31b783",
            "x-runtime": "0.020424",
            "referrer-policy": "strict-origin-when-cross-origin",
            "server": "nginx/1.17.2",
            "etag": "W/\"44bfb90c083e70324e097a3a3dae5563\"",
            "x-download-options": "noopen",
            "x-frame-options": "SAMEORIGIN",
            "content-type": "application/json; charset=utf-8",
            "cache-control": "max-age=0, private, must-revalidate"
          },
          "authorised": true
        }
      },
      {
        "user": "alice@authcov.io",
        "pageUrl": "http://localhost/posts/3/edit",
        "headers": {
          "referer": "http://localhost/posts/3/edit",
          "user-agent": "Mozilla/5.0 (X11; Linux x86_64) AppleWebKit/537.36 (KHTML, like Gecko) HeadlessChrome/75.0.3770.100 Safari/537.36",
          "cookie": "_my_app_session=0c9f87acf516fc67e7ebf3d438fe40ca"
        },
        "response": {
          "status": 200,
          "headers": {
            "date": "Thu, 01 Aug 2019 13:40:59 GMT",
            "x-content-type-options": "nosniff",
            "x-permitted-cross-domain-policies": "none",
            "transfer-encoding": "chunked",
            "connection": "keep-alive",
            "vary": "Origin",
            "x-xss-protection": "1; mode=block",
            "x-request-id": "78b12312-4dd3-46e4-8fd1-0d998102da75",
            "x-runtime": "0.010246",
            "referrer-policy": "strict-origin-when-cross-origin",
            "server": "nginx/1.17.2",
            "etag": "W/\"44bfb90c083e70324e097a3a3dae5563\"",
            "x-download-options": "noopen",
            "x-frame-options": "SAMEORIGIN",
            "content-type": "application/json; charset=utf-8",
            "cache-control": "max-age=0, private, must-revalidate"
          },
          "authorised": true
        }
      }
    ]
  },
  {
    "id": "88c1a462-9d76-4789-966f-750370d6a091",
    "url": "http://localhost/api/posts/4.json",
    "method": "GET",
    "requests": [
      {
        "user": "alice@authcov.io",
        "pageUrl": "http://localhost/posts/4",
        "headers": {
          "referer": "http://localhost/posts/4",
          "user-agent": "Mozilla/5.0 (X11; Linux x86_64) AppleWebKit/537.36 (KHTML, like Gecko) HeadlessChrome/75.0.3770.100 Safari/537.36",
          "cookie": "_my_app_session=0c9f87acf516fc67e7ebf3d438fe40ca"
        },
        "response": {
          "status": 200,
          "headers": {
            "date": "Thu, 01 Aug 2019 13:40:57 GMT",
            "x-content-type-options": "nosniff",
            "x-permitted-cross-domain-policies": "none",
            "transfer-encoding": "chunked",
            "connection": "keep-alive",
            "vary": "Origin",
            "x-xss-protection": "1; mode=block",
            "x-request-id": "ddcd1ada-ace0-4d20-b08b-c8bd846f06e9",
            "x-runtime": "0.009012",
            "referrer-policy": "strict-origin-when-cross-origin",
            "server": "nginx/1.17.2",
            "etag": "W/\"b81a8e354016d74d8d2ddd4ee2aabc5d\"",
            "x-download-options": "noopen",
            "x-frame-options": "SAMEORIGIN",
            "content-type": "application/json; charset=utf-8",
            "cache-control": "max-age=0, private, must-revalidate"
          },
          "authorised": true
        }
      },
      {
        "user": "alice@authcov.io",
        "pageUrl": "http://localhost/posts/4/edit",
        "headers": {
          "referer": "http://localhost/posts/4/edit",
          "user-agent": "Mozilla/5.0 (X11; Linux x86_64) AppleWebKit/537.36 (KHTML, like Gecko) HeadlessChrome/75.0.3770.100 Safari/537.36",
          "cookie": "_my_app_session=0c9f87acf516fc67e7ebf3d438fe40ca"
        },
        "response": {
          "status": 200,
          "headers": {
            "date": "Thu, 01 Aug 2019 13:40:59 GMT",
            "x-content-type-options": "nosniff",
            "x-permitted-cross-domain-policies": "none",
            "transfer-encoding": "chunked",
            "connection": "keep-alive",
            "vary": "Origin",
            "x-xss-protection": "1; mode=block",
            "x-request-id": "6bb8cb7c-e490-4240-a44f-e62dd0b1c514",
            "x-runtime": "0.010494",
            "referrer-policy": "strict-origin-when-cross-origin",
            "server": "nginx/1.17.2",
            "etag": "W/\"b81a8e354016d74d8d2ddd4ee2aabc5d\"",
            "x-download-options": "noopen",
            "x-frame-options": "SAMEORIGIN",
            "content-type": "application/json; charset=utf-8",
            "cache-control": "max-age=0, private, must-revalidate"
          },
          "authorised": true
        }
      }
    ]
  },
  {
    "id": "60cbcd6f-1289-4b86-8c98-2c4d97880109",
    "url": "http://localhost/api/posts/2.json",
    "method": "GET",
    "requests": [
      {
        "user": "alice@authcov.io",
        "pageUrl": "http://localhost/posts/2",
        "headers": {
          "referer": "http://localhost/posts/2",
          "user-agent": "Mozilla/5.0 (X11; Linux x86_64) AppleWebKit/537.36 (KHTML, like Gecko) HeadlessChrome/75.0.3770.100 Safari/537.36",
          "cookie": "_my_app_session=0c9f87acf516fc67e7ebf3d438fe40ca"
        },
        "response": {
          "status": 200,
          "headers": {
            "date": "Thu, 01 Aug 2019 13:40:57 GMT",
            "x-content-type-options": "nosniff",
            "x-permitted-cross-domain-policies": "none",
            "transfer-encoding": "chunked",
            "connection": "keep-alive",
            "vary": "Origin",
            "x-xss-protection": "1; mode=block",
            "x-request-id": "61b91795-3a09-4520-ab65-e7d3c6a6ba23",
            "x-runtime": "0.007856",
            "referrer-policy": "strict-origin-when-cross-origin",
            "server": "nginx/1.17.2",
            "etag": "W/\"052237154fa8230074a2131a2aceb1df\"",
            "x-download-options": "noopen",
            "x-frame-options": "SAMEORIGIN",
            "content-type": "application/json; charset=utf-8",
            "cache-control": "max-age=0, private, must-revalidate"
          },
          "authorised": true
        }
      },
      {
        "user": "alice@authcov.io",
        "pageUrl": "http://localhost/posts/2/edit",
        "headers": {
          "referer": "http://localhost/posts/2/edit",
          "user-agent": "Mozilla/5.0 (X11; Linux x86_64) AppleWebKit/537.36 (KHTML, like Gecko) HeadlessChrome/75.0.3770.100 Safari/537.36",
          "cookie": "_my_app_session=0c9f87acf516fc67e7ebf3d438fe40ca"
        },
        "response": {
          "status": 200,
          "headers": {
            "date": "Thu, 01 Aug 2019 13:40:59 GMT",
            "x-content-type-options": "nosniff",
            "x-permitted-cross-domain-policies": "none",
            "transfer-encoding": "chunked",
            "connection": "keep-alive",
            "vary": "Origin",
            "x-xss-protection": "1; mode=block",
            "x-request-id": "43a15291-282b-40af-91e3-b364b998d050",
            "x-runtime": "0.007983",
            "referrer-policy": "strict-origin-when-cross-origin",
            "server": "nginx/1.17.2",
            "etag": "W/\"052237154fa8230074a2131a2aceb1df\"",
            "x-download-options": "noopen",
            "x-frame-options": "SAMEORIGIN",
            "content-type": "application/json; charset=utf-8",
            "cache-control": "max-age=0, private, must-revalidate"
          },
          "authorised": true
        }
      }
    ]
  }
]
