[
  {
    "id": "03af328c-7c36-419d-9bd3-2e34f1984e51",
    "url": "http://localhost:3001/",
    "method": "GET",
    "requests": [
      {
        "id": "26581443-43e9-4370-8d22-7aa9d233589d",
        "user": "alice@authcov.io",
        "pageUrl": "http://localhost:3001",
        "headers": {
          "upgrade-insecure-requests": "1",
          "user-agent": "Mozilla/5.0 (X11; Linux x86_64) AppleWebKit/537.36 (KHTML, like Gecko) HeadlessChrome/75.0.3770.100 Safari/537.36",
          "cookie": "_my_app_session=49554d94aaf604d5017c27b634eab724"
        },
        "response": {
          "status": 200,
          "headers": {
            "x-frame-options": "SAMEORIGIN",
            "x-xss-protection": "1; mode=block",
            "x-content-type-options": "nosniff",
            "x-download-options": "noopen",
            "x-permitted-cross-domain-policies": "none",
            "referrer-policy": "strict-origin-when-cross-origin",
            "content-type": "text/html; charset=utf-8",
            "etag": "W/\"d3f4b587fba0cd0be68ce1b631dc6957\"",
            "cache-control": "max-age=0, private, must-revalidate",
            "x-request-id": "ae6f4b9d-f17d-488a-9020-0dc8c9351509",
            "x-runtime": "0.023360",
            "vary": "Origin",
            "transfer-encoding": "chunked"
          },
          "authorised": true
        }
      },
      {
        "id": "50baeb13-7260-44af-93f8-b90c65f2ddff",
        "user": "alice@authcov.io",
        "pageUrl": "http://localhost:3001/",
        "headers": {
          "upgrade-insecure-requests": "1",
          "user-agent": "Mozilla/5.0 (X11; Linux x86_64) AppleWebKit/537.36 (KHTML, like Gecko) HeadlessChrome/75.0.3770.100 Safari/537.36",
          "cookie": "_my_app_session=49554d94aaf604d5017c27b634eab724"
        },
        "response": {
          "status": 200,
          "headers": {
            "x-frame-options": "SAMEORIGIN",
            "x-xss-protection": "1; mode=block",
            "x-content-type-options": "nosniff",
            "x-download-options": "noopen",
            "x-permitted-cross-domain-policies": "none",
            "referrer-policy": "strict-origin-when-cross-origin",
            "content-type": "text/html; charset=utf-8",
            "etag": "W/\"fa674bb596c8560fdc79ea4f8650b03f\"",
            "cache-control": "max-age=0, private, must-revalidate",
            "x-request-id": "7df12090-ca4e-4125-8734-d091c09dd48d",
            "x-runtime": "0.099713",
            "vary": "Origin",
            "transfer-encoding": "chunked"
          },
          "authorised": true
        }
      }
    ]
  },
  {
    "id": "1aa6aa8c-b2de-4a31-b40c-424e91dbf77f",
    "url": "http://localhost:3001/posts",
    "method": "GET",
    "requests": [
      {
        "id": "d38a1d44-cb3a-4c06-ba6e-4bb8d3ed0461",
        "user": "alice@authcov.io",
        "pageUrl": "http://localhost:3001/posts",
        "headers": {
          "upgrade-insecure-requests": "1",
          "user-agent": "Mozilla/5.0 (X11; Linux x86_64) AppleWebKit/537.36 (KHTML, like Gecko) HeadlessChrome/75.0.3770.100 Safari/537.36",
          "cookie": "_my_app_session=49554d94aaf604d5017c27b634eab724"
        },
        "response": {
          "status": 200,
          "headers": {
            "x-frame-options": "SAMEORIGIN",
            "x-xss-protection": "1; mode=block",
            "x-content-type-options": "nosniff",
            "x-download-options": "noopen",
            "x-permitted-cross-domain-policies": "none",
            "referrer-policy": "strict-origin-when-cross-origin",
            "content-type": "text/html; charset=utf-8",
            "etag": "W/\"980e4c20a7e6b51eadb64a1516b6a958\"",
            "cache-control": "max-age=0, private, must-revalidate",
            "x-request-id": "b9416e0b-5a7c-46b8-b297-e191849e467e",
            "x-runtime": "0.106549",
            "vary": "Origin",
            "transfer-encoding": "chunked"
          },
          "authorised": true
        }
      }
    ]
  },
  {
    "id": "1ed59746-5e38-4152-a241-09e0112c5617",
    "url": "http://localhost:3001/posts/1",
    "method": "GET",
    "requests": [
      {
        "id": "87182196-472c-4454-ae8a-df2e5b632af0",
        "user": "alice@authcov.io",
        "pageUrl": "http://localhost:3001/posts/1",
        "headers": {
          "upgrade-insecure-requests": "1",
          "user-agent": "Mozilla/5.0 (X11; Linux x86_64) AppleWebKit/537.36 (KHTML, like Gecko) HeadlessChrome/75.0.3770.100 Safari/537.36",
          "cookie": "_my_app_session=49554d94aaf604d5017c27b634eab724"
        },
        "response": {
          "status": 200,
          "headers": {
            "x-frame-options": "SAMEORIGIN",
            "x-xss-protection": "1; mode=block",
            "x-content-type-options": "nosniff",
            "x-download-options": "noopen",
            "x-permitted-cross-domain-policies": "none",
            "referrer-policy": "strict-origin-when-cross-origin",
            "content-type": "text/html; charset=utf-8",
            "etag": "W/\"266b373487e4af3cd1e80452af9ea80e\"",
            "cache-control": "max-age=0, private, must-revalidate",
            "x-request-id": "f2df2839-44ee-453a-b2fa-76ba31f4547b",
            "x-runtime": "0.032029",
            "vary": "Origin",
            "transfer-encoding": "chunked"
          },
          "authorised": true
        }
      }
    ]
  },
  {
    "id": "21465575-d36c-4608-b6e3-fe995cc14e07",
    "url": "http://localhost:3001/posts/1/edit",
    "method": "GET",
    "requests": [
      {
        "id": "7bdc9679-a07e-4a77-a83c-82505d8857ac",
        "user": "alice@authcov.io",
        "pageUrl": "http://localhost:3001/posts/1/edit",
        "headers": {
          "upgrade-insecure-requests": "1",
          "user-agent": "Mozilla/5.0 (X11; Linux x86_64) AppleWebKit/537.36 (KHTML, like Gecko) HeadlessChrome/75.0.3770.100 Safari/537.36",
          "cookie": "_my_app_session=49554d94aaf604d5017c27b634eab724"
        },
        "response": {
          "status": 200,
          "headers": {
            "x-frame-options": "SAMEORIGIN",
            "x-xss-protection": "1; mode=block",
            "x-content-type-options": "nosniff",
            "x-download-options": "noopen",
            "x-permitted-cross-domain-policies": "none",
            "referrer-policy": "strict-origin-when-cross-origin",
            "content-type": "text/html; charset=utf-8",
            "etag": "W/\"b5c34037d0238c2cbf7130b9a0bd222a\"",
            "cache-control": "max-age=0, private, must-revalidate",
            "x-request-id": "e5bc6e79-e565-4fb7-83da-5c8493ed4fef",
            "x-runtime": "0.158928",
            "vary": "Origin",
            "transfer-encoding": "chunked"
          },
          "authorised": true
        }
      }
    ]
  },
  {
    "id": "8589b657-74a2-4a47-b8ea-c2a66b60f497",
    "url": "http://localhost:3001/posts/2",
    "method": "GET",
    "requests": [
      {
        "id": "2abf6a7f-d372-45f6-8c4c-9882c932dbf7",
        "user": "alice@authcov.io",
        "pageUrl": "http://localhost:3001/posts/2",
        "headers": {
          "upgrade-insecure-requests": "1",
          "user-agent": "Mozilla/5.0 (X11; Linux x86_64) AppleWebKit/537.36 (KHTML, like Gecko) HeadlessChrome/75.0.3770.100 Safari/537.36",
          "cookie": "_my_app_session=49554d94aaf604d5017c27b634eab724"
        },
        "response": {
          "status": 200,
          "headers": {
            "x-frame-options": "SAMEORIGIN",
            "x-xss-protection": "1; mode=block",
            "x-content-type-options": "nosniff",
            "x-download-options": "noopen",
            "x-permitted-cross-domain-policies": "none",
            "referrer-policy": "strict-origin-when-cross-origin",
            "content-type": "text/html; charset=utf-8",
            "etag": "W/\"f39b54bd84e87f355fdacbfddd18d029\"",
            "cache-control": "max-age=0, private, must-revalidate",
            "x-request-id": "e971b533-5085-4de6-92bd-1c6c28a959d7",
            "x-runtime": "0.180808",
            "vary": "Origin",
            "transfer-encoding": "chunked"
          },
          "authorised": true
        }
      }
    ]
  },
  {
    "id": "afefa731-1210-4755-977e-1c90c09fb5dc",
    "url": "http://localhost:3001/posts/2/edit",
    "method": "GET",
    "requests": [
      {
        "id": "29ecb3e1-2588-49d2-9f3c-afb267ba6be0",
        "user": "alice@authcov.io",
        "pageUrl": "http://localhost:3001/posts/2/edit",
        "headers": {
          "upgrade-insecure-requests": "1",
          "user-agent": "Mozilla/5.0 (X11; Linux x86_64) AppleWebKit/537.36 (KHTML, like Gecko) HeadlessChrome/75.0.3770.100 Safari/537.36",
          "cookie": "_my_app_session=49554d94aaf604d5017c27b634eab724"
        },
        "response": {
          "status": 200,
          "headers": {
            "x-frame-options": "SAMEORIGIN",
            "x-xss-protection": "1; mode=block",
            "x-content-type-options": "nosniff",
            "x-download-options": "noopen",
            "x-permitted-cross-domain-policies": "none",
            "referrer-policy": "strict-origin-when-cross-origin",
            "content-type": "text/html; charset=utf-8",
            "etag": "W/\"459eda516af8d854152ffb6e43be0782\"",
            "cache-control": "max-age=0, private, must-revalidate",
            "x-request-id": "2d78699b-a67e-4229-b8ad-286cbbcbef87",
            "x-runtime": "0.152893",
            "vary": "Origin",
            "transfer-encoding": "chunked"
          },
          "authorised": true
        }
      }
    ]
  },
  {
    "id": "8a41a291-8dfb-4cd8-9060-221708da95d1",
    "url": "http://localhost:3001/posts/3",
    "method": "GET",
    "requests": [
      {
        "id": "daf810dc-3925-4b07-a923-32f98cf6012b",
        "user": "alice@authcov.io",
        "pageUrl": "http://localhost:3001/posts/3",
        "headers": {
          "upgrade-insecure-requests": "1",
          "user-agent": "Mozilla/5.0 (X11; Linux x86_64) AppleWebKit/537.36 (KHTML, like Gecko) HeadlessChrome/75.0.3770.100 Safari/537.36",
          "cookie": "_my_app_session=49554d94aaf604d5017c27b634eab724"
        },
        "response": {
          "status": 200,
          "headers": {
            "x-frame-options": "SAMEORIGIN",
            "x-xss-protection": "1; mode=block",
            "x-content-type-options": "nosniff",
            "x-download-options": "noopen",
            "x-permitted-cross-domain-policies": "none",
            "referrer-policy": "strict-origin-when-cross-origin",
            "content-type": "text/html; charset=utf-8",
            "etag": "W/\"9729aa45d0adfe8894a28fe01ae793ae\"",
            "cache-control": "max-age=0, private, must-revalidate",
            "x-request-id": "ba3eeeb7-f443-4f19-ba2d-645496647078",
            "x-runtime": "0.163336",
            "vary": "Origin",
            "transfer-encoding": "chunked"
          },
          "authorised": true
        }
      }
    ]
  },
  {
    "id": "be67baa8-0cdd-46bc-a6ff-543ce2ca1b1c",
    "url": "http://localhost:3001/posts/3/edit",
    "method": "GET",
    "requests": [
      {
        "id": "d19c838d-ce52-4e82-9783-58010e95f516",
        "user": "alice@authcov.io",
        "pageUrl": "http://localhost:3001/posts/3/edit",
        "headers": {
          "upgrade-insecure-requests": "1",
          "user-agent": "Mozilla/5.0 (X11; Linux x86_64) AppleWebKit/537.36 (KHTML, like Gecko) HeadlessChrome/75.0.3770.100 Safari/537.36",
          "cookie": "_my_app_session=49554d94aaf604d5017c27b634eab724"
        },
        "response": {
          "status": 401,
          "headers": {
            "x-frame-options": "SAMEORIGIN",
            "x-xss-protection": "1; mode=block",
            "x-content-type-options": "nosniff",
            "x-download-options": "noopen",
            "x-permitted-cross-domain-policies": "none",
            "referrer-policy": "strict-origin-when-cross-origin",
            "content-type": "application/json; charset=utf-8",
            "cache-control": "no-cache",
            "x-request-id": "ad44cffa-06cb-405e-a7f8-d6d4f59c5847",
            "x-runtime": "0.032107",
            "vary": "Origin",
            "transfer-encoding": "chunked"
          },
          "authorised": false
        }
      }
    ]
  },
  {
    "id": "0212ca92-11d3-455a-ab83-6203a32761da",
    "url": "http://localhost:3001/posts/4",
    "method": "GET",
    "requests": [
      {
        "id": "fd117327-7f13-4206-b2b3-9fad1c4384a3",
        "user": "alice@authcov.io",
        "pageUrl": "http://localhost:3001/posts/4",
        "headers": {
          "upgrade-insecure-requests": "1",
          "user-agent": "Mozilla/5.0 (X11; Linux x86_64) AppleWebKit/537.36 (KHTML, like Gecko) HeadlessChrome/75.0.3770.100 Safari/537.36",
          "cookie": "_my_app_session=49554d94aaf604d5017c27b634eab724"
        },
        "response": {
          "status": 200,
          "headers": {
            "x-frame-options": "SAMEORIGIN",
            "x-xss-protection": "1; mode=block",
            "x-content-type-options": "nosniff",
            "x-download-options": "noopen",
            "x-permitted-cross-domain-policies": "none",
            "referrer-policy": "strict-origin-when-cross-origin",
            "content-type": "text/html; charset=utf-8",
            "etag": "W/\"e4691720ac7f9033cd74457a424fcd2e\"",
            "cache-control": "max-age=0, private, must-revalidate",
            "x-request-id": "757d80c2-abfb-43b9-b4a1-a865e2dec7f8",
            "x-runtime": "0.120683",
            "vary": "Origin",
            "transfer-encoding": "chunked"
          },
          "authorised": true
        }
      }
    ]
  },
  {
    "id": "57b255e3-836f-4c67-81eb-e43280ad60e1",
    "url": "http://localhost:3001/posts/4/edit",
    "method": "GET",
    "requests": [
      {
        "id": "b346112d-dcbe-455f-935e-5aaf8ef5658d",
        "user": "alice@authcov.io",
        "pageUrl": "http://localhost:3001/posts/4/edit",
        "headers": {
          "upgrade-insecure-requests": "1",
          "user-agent": "Mozilla/5.0 (X11; Linux x86_64) AppleWebKit/537.36 (KHTML, like Gecko) HeadlessChrome/75.0.3770.100 Safari/537.36",
          "cookie": "_my_app_session=49554d94aaf604d5017c27b634eab724"
        },
        "response": {
          "status": 401,
          "headers": {
            "x-frame-options": "SAMEORIGIN",
            "x-xss-protection": "1; mode=block",
            "x-content-type-options": "nosniff",
            "x-download-options": "noopen",
            "x-permitted-cross-domain-policies": "none",
            "referrer-policy": "strict-origin-when-cross-origin",
            "content-type": "application/json; charset=utf-8",
            "cache-control": "no-cache",
            "x-request-id": "8fecf275-8ed6-410d-804e-9cbd1c6ec624",
            "x-runtime": "0.006436",
            "vary": "Origin",
            "transfer-encoding": "chunked"
          },
          "authorised": false
        }
      }
    ]
  },
  {
    "id": "2e127c43-8597-4aba-87c7-c494fc6fafac",
    "url": "http://localhost:3001/posts/new",
    "method": "GET",
    "requests": [
      {
        "id": "e8f45d72-3a30-4330-a9f8-51160f10796a",
        "user": "alice@authcov.io",
        "pageUrl": "http://localhost:3001/posts/new",
        "headers": {
          "upgrade-insecure-requests": "1",
          "user-agent": "Mozilla/5.0 (X11; Linux x86_64) AppleWebKit/537.36 (KHTML, like Gecko) HeadlessChrome/75.0.3770.100 Safari/537.36",
          "cookie": "_my_app_session=49554d94aaf604d5017c27b634eab724"
        },
        "response": {
          "status": 200,
          "headers": {
            "x-frame-options": "SAMEORIGIN",
            "x-xss-protection": "1; mode=block",
            "x-content-type-options": "nosniff",
            "x-download-options": "noopen",
            "x-permitted-cross-domain-policies": "none",
            "referrer-policy": "strict-origin-when-cross-origin",
            "content-type": "text/html; charset=utf-8",
            "etag": "W/\"c802e7ffa0bd07944259456b7cc7d9e9\"",
            "cache-control": "max-age=0, private, must-revalidate",
            "x-request-id": "cb1cda5d-577c-4a31-b608-5c79f8449e9a",
            "x-runtime": "0.037826",
            "vary": "Origin",
            "transfer-encoding": "chunked"
          },
          "authorised": true
        }
      }
    ]
  },
  {
    "id": "8582528c-0d10-4100-a030-ea031174abfa",
    "url": "http://localhost:3001/secrets",
    "method": "GET",
    "requests": [
      {
        "id": "3be2624a-8669-4bd4-ba59-b5165ee10cbb",
        "user": "alice@authcov.io",
        "pageUrl": "http://localhost:3001/secrets",
        "headers": {
          "upgrade-insecure-requests": "1",
          "user-agent": "Mozilla/5.0 (X11; Linux x86_64) AppleWebKit/537.36 (KHTML, like Gecko) HeadlessChrome/75.0.3770.100 Safari/537.36",
          "cookie": "_my_app_session=49554d94aaf604d5017c27b634eab724"
        },
        "response": {
          "status": 200,
          "headers": {
            "x-frame-options": "SAMEORIGIN",
            "x-xss-protection": "1; mode=block",
            "x-content-type-options": "nosniff",
            "x-download-options": "noopen",
            "x-permitted-cross-domain-policies": "none",
            "referrer-policy": "strict-origin-when-cross-origin",
            "content-type": "text/html; charset=utf-8",
            "etag": "W/\"1680bb52559978e509a97fb4fb5c0286\"",
            "cache-control": "max-age=0, private, must-revalidate",
            "x-request-id": "e0f64d08-e5ee-4911-a03f-a6050518a2c8",
            "x-runtime": "0.142424",
            "vary": "Origin",
            "transfer-encoding": "chunked"
          },
          "authorised": true
        }
      }
    ]
  },
  {
    "id": "a712f833-93e9-4089-ab5a-181dd12e5ae2",
    "url": "http://localhost:3001/secrets/1",
    "method": "GET",
    "requests": [
      {
        "id": "c9858ea2-0579-4f7c-9e76-49cf4cc8c8ed",
        "user": "alice@authcov.io",
        "pageUrl": "http://localhost:3001/secrets/1",
        "headers": {
          "upgrade-insecure-requests": "1",
          "user-agent": "Mozilla/5.0 (X11; Linux x86_64) AppleWebKit/537.36 (KHTML, like Gecko) HeadlessChrome/75.0.3770.100 Safari/537.36",
          "cookie": "_my_app_session=49554d94aaf604d5017c27b634eab724"
        },
        "response": {
          "status": 200,
          "headers": {
            "x-frame-options": "SAMEORIGIN",
            "x-xss-protection": "1; mode=block",
            "x-content-type-options": "nosniff",
            "x-download-options": "noopen",
            "x-permitted-cross-domain-policies": "none",
            "referrer-policy": "strict-origin-when-cross-origin",
            "content-type": "text/html; charset=utf-8",
            "etag": "W/\"5ee78f932a0c0e4f6b0e2a016f015690\"",
            "cache-control": "max-age=0, private, must-revalidate",
            "x-request-id": "da7a3e2b-3cbf-4191-b3d3-78612adf77df",
            "x-runtime": "0.071601",
            "vary": "Origin",
            "transfer-encoding": "chunked"
          },
          "authorised": true
        }
      }
    ]
  },
  {
    "id": "21284686-9072-45d3-abc6-aa26f4332f56",
    "url": "http://localhost:3001/secrets/1/edit",
    "method": "GET",
    "requests": [
      {
        "id": "50518422-9e7c-4e18-a6eb-c0ae5203542c",
        "user": "alice@authcov.io",
        "pageUrl": "http://localhost:3001/secrets/1/edit",
        "headers": {
          "upgrade-insecure-requests": "1",
          "user-agent": "Mozilla/5.0 (X11; Linux x86_64) AppleWebKit/537.36 (KHTML, like Gecko) HeadlessChrome/75.0.3770.100 Safari/537.36",
          "cookie": "_my_app_session=49554d94aaf604d5017c27b634eab724"
        },
        "response": {
          "status": 200,
          "headers": {
            "x-frame-options": "SAMEORIGIN",
            "x-xss-protection": "1; mode=block",
            "x-content-type-options": "nosniff",
            "x-download-options": "noopen",
            "x-permitted-cross-domain-policies": "none",
            "referrer-policy": "strict-origin-when-cross-origin",
            "content-type": "text/html; charset=utf-8",
            "etag": "W/\"cebb55627183a42a9ac1d82b0c804905\"",
            "cache-control": "max-age=0, private, must-revalidate",
            "x-request-id": "27f24cd7-cbdc-4597-8796-a9f1c63570b7",
            "x-runtime": "0.091723",
            "vary": "Origin",
            "transfer-encoding": "chunked"
          },
          "authorised": true
        }
      }
    ]
  },
  {
    "id": "0e519a52-8f24-49ba-8756-476b8715a0fe",
    "url": "http://localhost:3001/secrets/new",
    "method": "GET",
    "requests": [
      {
        "id": "196c0719-096a-4ec6-8b26-ffd29981a95b",
        "user": "alice@authcov.io",
        "pageUrl": "http://localhost:3001/secrets/new",
        "headers": {
          "upgrade-insecure-requests": "1",
          "user-agent": "Mozilla/5.0 (X11; Linux x86_64) AppleWebKit/537.36 (KHTML, like Gecko) HeadlessChrome/75.0.3770.100 Safari/537.36",
          "cookie": "_my_app_session=49554d94aaf604d5017c27b634eab724"
        },
        "response": {
          "status": 200,
          "headers": {
            "x-frame-options": "SAMEORIGIN",
            "x-xss-protection": "1; mode=block",
            "x-content-type-options": "nosniff",
            "x-download-options": "noopen",
            "x-permitted-cross-domain-policies": "none",
            "referrer-policy": "strict-origin-when-cross-origin",
            "content-type": "text/html; charset=utf-8",
            "etag": "W/\"d8fe4a84a578658d09e79858e503a418\"",
            "cache-control": "max-age=0, private, must-revalidate",
            "x-request-id": "2e51fa65-521d-4317-a387-7e821382bafa",
            "x-runtime": "0.075267",
            "vary": "Origin",
            "transfer-encoding": "chunked"
          },
          "authorised": true
        }
      }
    ]
  }
]
