[
  {
    "id": "f318c917-165e-4fa6-8cc6-7bed7b52bd61",
    "pageUrl": "http://localhost:3001",
    "user": "alice@authcov.io",
    "createdAt": "2019-08-08T13:25:45.535Z",
    "dialogsOpened": [],
    "buttonsClicked": [],
    "buttonsIgnored": [
      "<button class=\"btn btn-outline-light\" type=\"submit\">Logout</button>"
    ]
  },
  {
    "id": "66b8f974-8903-4f4c-bbf1-4756d99aceb1",
    "pageUrl": "http://localhost:3001/",
    "user": "alice@authcov.io",
    "createdAt": "2019-08-08T13:25:46.826Z",
    "dialogsOpened": [],
    "buttonsClicked": [],
    "buttonsIgnored": [
      "<button class=\"btn btn-outline-light\" type=\"submit\">Logout</button>"
    ]
  },
  {
    "id": "fbe4db52-7c4c-4bf8-a9cf-c296110ecaec",
    "pageUrl": "http://localhost:3001/posts",
    "user": "alice@authcov.io",
    "createdAt": "2019-08-08T13:25:46.828Z",
    "dialogsOpened": [],
    "buttonsClicked": [],
    "buttonsIgnored": [
      "<button class=\"btn btn-outline-light\" type=\"submit\">Logout</button>"
    ]
  },
  {
    "id": "fe7254f5-30a8-4eeb-a211-1ac9fee5e708",
    "pageUrl": "http://localhost:3001/posts/1",
    "user": "alice@authcov.io",
    "createdAt": "2019-08-08T13:25:46.830Z",
    "dialogsOpened": [],
    "buttonsClicked": [],
    "buttonsIgnored": [
      "<button class=\"btn btn-outline-light\" type=\"submit\">Logout</button>"
    ]
  },
  {
    "id": "fcbebe06-2f06-43c1-aa4a-cc4eaa083508",
    "pageUrl": "http://localhost:3001/posts/1/edit",
    "user": "alice@authcov.io",
    "createdAt": "2019-08-08T13:25:46.830Z",
    "dialogsOpened": [],
    "buttonsClicked": [],
    "buttonsIgnored": [
      "<button class=\"btn btn-outline-light\" type=\"submit\">Logout</button>"
    ]
  },
  {
    "id": "c605a0b0-2dcb-4799-88cc-a9a6a4678a58",
    "pageUrl": "http://localhost:3001/posts/2",
    "user": "alice@authcov.io",
    "createdAt": "2019-08-08T13:25:46.831Z",
    "dialogsOpened": [],
    "buttonsClicked": [],
    "buttonsIgnored": [
      "<button class=\"btn btn-outline-light\" type=\"submit\">Logout</button>"
    ]
  },
  {
    "id": "bc79212f-2f62-47de-b43c-8ce38ee16ced",
    "pageUrl": "http://localhost:3001/posts/2/edit",
    "user": "alice@authcov.io",
    "createdAt": "2019-08-08T13:25:46.832Z",
    "dialogsOpened": [],
    "buttonsClicked": [],
    "buttonsIgnored": [
      "<button class=\"btn btn-outline-light\" type=\"submit\">Logout</button>"
    ]
  },
  {
    "id": "1d767a92-4027-46af-bea0-ba3f895394c8",
    "pageUrl": "http://localhost:3001/posts/3",
    "user": "alice@authcov.io",
    "createdAt": "2019-08-08T13:25:46.832Z",
    "dialogsOpened": [],
    "buttonsClicked": [],
    "buttonsIgnored": [
      "<button class=\"btn btn-outline-light\" type=\"submit\">Logout</button>"
    ]
  },
  {
    "id": "11d97e9f-f939-4e9d-b831-8900e18dc905",
    "pageUrl": "http://localhost:3001/posts/3/edit",
    "user": "alice@authcov.io",
    "createdAt": "2019-08-08T13:25:46.833Z",
    "dialogsOpened": [],
    "buttonsClicked": [],
    "buttonsIgnored": []
  },
  {
    "id": "3237eec6-aaba-4289-9349-6a36fa5022e2",
    "pageUrl": "http://localhost:3001/posts/4",
    "user": "alice@authcov.io",
    "createdAt": "2019-08-08T13:25:46.933Z",
    "dialogsOpened": [],
    "buttonsClicked": [],
    "buttonsIgnored": [
      "<button class=\"btn btn-outline-light\" type=\"submit\">Logout</button>"
    ]
  },
  {
    "id": "69c686e4-8071-4267-99cc-0a714c9ff92e",
    "pageUrl": "http://localhost:3001/posts/4/edit",
    "user": "alice@authcov.io",
    "createdAt": "2019-08-08T13:25:47.937Z",
    "dialogsOpened": [],
    "buttonsClicked": [],
    "buttonsIgnored": []
  },
  {
    "id": "9bc0b090-26b1-4eed-b15a-c852cc6f55c9",
    "pageUrl": "http://localhost:3001/posts/new",
    "user": "alice@authcov.io",
    "createdAt": "2019-08-08T13:25:48.539Z",
    "dialogsOpened": [],
    "buttonsClicked": [],
    "buttonsIgnored": [
      "<button class=\"btn btn-outline-light\" type=\"submit\">Logout</button>"
    ]
  },
  {
    "id": "cce919e9-f162-4c5a-a006-a6f9bf2c2158",
    "pageUrl": "http://localhost:3001/secrets",
    "user": "alice@authcov.io",
    "createdAt": "2019-08-08T13:25:46.829Z",
    "dialogsOpened": [],
    "buttonsClicked": [],
    "buttonsIgnored": [
      "<button class=\"btn btn-outline-light\" type=\"submit\">Logout</button>"
    ]
  },
  {
    "id": "df0c7068-9960-4cf1-9f08-3e77bacf22e5",
    "pageUrl": "http://localhost:3001/secrets/1",
    "user": "alice@authcov.io",
    "createdAt": "2019-08-08T13:25:48.577Z",
    "dialogsOpened": [],
    "buttonsClicked": [],
    "buttonsIgnored": [
      "<button class=\"btn btn-outline-light\" type=\"submit\">Logout</button>"
    ]
  },
  {
    "id": "416b9dc6-c33b-4843-8c83-5e5f73587a09",
    "pageUrl": "http://localhost:3001/secrets/1/edit",
    "user": "alice@authcov.io",
    "createdAt": "2019-08-08T13:25:48.676Z",
    "dialogsOpened": [],
    "buttonsClicked": [],
    "buttonsIgnored": [
      "<button class=\"btn btn-outline-light\" type=\"submit\">Logout</button>"
    ]
  },
  {
    "id": "45482030-6f11-4054-857e-074bb9f38d87",
    "pageUrl": "http://localhost:3001/secrets/new",
    "user": "alice@authcov.io",
    "createdAt": "2019-08-08T13:25:48.776Z",
    "dialogsOpened": [],
    "buttonsClicked": [],
    "buttonsIgnored": [
      "<button class=\"btn btn-outline-light\" type=\"submit\">Logout</button>"
    ]
  }
]
