[
  {
    "id": "80975031-56a5-4de5-b988-2438d9e64530",
    "pageUrl": "http://localhost",
    "user": "alice@authcov.io",
    "createdAt": "2019-08-08T13:23:53.685Z",
    "dialogsOpened": [],
    "buttonsClicked": [
      "<button>Settings</button>",
      "<button>Hello World</button>"
    ],
    "buttonsIgnored": []
  },
  {
    "id": "5e6bac88-5e37-413a-9028-4d62f18886c8",
    "pageUrl": "http://localhost/",
    "user": "alice@authcov.io",
    "createdAt": "2019-08-08T13:23:54.774Z",
    "dialogsOpened": [],
    "buttonsClicked": [
      "<button>Settings</button>",
      "<button>Hello World</button>"
    ],
    "buttonsIgnored": []
  },
  {
    "id": "368037e5-8b02-4c1c-bd48-8254017fd408",
    "pageUrl": "http://localhost/about",
    "user": "alice@authcov.io",
    "createdAt": "2019-08-08T13:23:54.779Z",
    "dialogsOpened": [],
    "buttonsClicked": [],
    "buttonsIgnored": []
  },
  {
    "id": "1ddfda2c-decd-404c-af27-0bd8c5559d42",
    "pageUrl": "http://localhost/posts",
    "user": "alice@authcov.io",
    "createdAt": "2019-08-08T13:23:54.776Z",
    "dialogsOpened": [],
    "buttonsClicked": [],
    "buttonsIgnored": []
  },
  {
    "id": "0212bd6f-93e0-4cc0-905c-4734fac61b53",
    "pageUrl": "http://localhost/posts/1",
    "user": "alice@authcov.io",
    "createdAt": "2019-08-08T13:23:55.951Z",
    "dialogsOpened": [],
    "buttonsClicked": [],
    "buttonsIgnored": []
  },
  {
    "id": "9adc75c4-4204-4d1d-9a20-0d3276bc4a74",
    "pageUrl": "http://localhost/posts/1/edit",
    "user": "alice@authcov.io",
    "createdAt": "2019-08-08T13:23:57.246Z",
    "dialogsOpened": [],
    "buttonsClicked": [],
    "buttonsIgnored": [
      "<button>Save</button>"
    ]
  },
  {
    "id": "de186334-a955-4566-a3ff-6a3ba569b490",
    "pageUrl": "http://localhost/posts/2",
    "user": "alice@authcov.io",
    "createdAt": "2019-08-08T13:23:55.952Z",
    "dialogsOpened": [],
    "buttonsClicked": [],
    "buttonsIgnored": []
  },
  {
    "id": "23e8cb7b-2afb-4fbd-b865-cb23427c6352",
    "pageUrl": "http://localhost/posts/2/edit",
    "user": "alice@authcov.io",
    "createdAt": "2019-08-08T13:23:57.294Z",
    "dialogsOpened": [],
    "buttonsClicked": [],
    "buttonsIgnored": [
      "<button>Save</button>"
    ]
  },
  {
    "id": "b05e3eed-23fd-4b22-8498-769e2401c673",
    "pageUrl": "http://localhost/posts/3",
    "user": "alice@authcov.io",
    "createdAt": "2019-08-08T13:23:55.953Z",
    "dialogsOpened": [],
    "buttonsClicked": [],
    "buttonsIgnored": []
  },
  {
    "id": "379dbd4f-c487-49c8-bb88-68dbeac7af4d",
    "pageUrl": "http://localhost/posts/3/edit",
    "user": "alice@authcov.io",
    "createdAt": "2019-08-08T13:23:57.200Z",
    "dialogsOpened": [],
    "buttonsClicked": [],
    "buttonsIgnored": [
      "<button>Save</button>"
    ]
  },
  {
    "id": "71673f60-46c9-481a-891a-3cb4b7287e3e",
    "pageUrl": "http://localhost/posts/4",
    "user": "alice@authcov.io",
    "createdAt": "2019-08-08T13:23:55.954Z",
    "dialogsOpened": [],
    "buttonsClicked": [],
    "buttonsIgnored": []
  },
  {
    "id": "c5b4b107-4c26-4d80-9786-73ff0a28bac7",
    "pageUrl": "http://localhost/posts/4/edit",
    "user": "alice@authcov.io",
    "createdAt": "2019-08-08T13:23:57.366Z",
    "dialogsOpened": [],
    "buttonsClicked": [],
    "buttonsIgnored": [
      "<button>Save</button>"
    ]
  },
  {
    "id": "7ab4eb0d-1684-4d9f-81c4-2312836b70e4",
    "pageUrl": "http://localhost/posts/new",
    "user": "alice@authcov.io",
    "createdAt": "2019-08-08T13:23:55.950Z",
    "dialogsOpened": [],
    "buttonsClicked": [],
    "buttonsIgnored": [
      "<button>Save</button>"
    ]
  },
  {
    "id": "45b49d2e-d34f-4550-bad7-ff4946150c75",
    "pageUrl": "http://localhost/secrets",
    "user": "alice@authcov.io",
    "createdAt": "2019-08-08T13:23:57.462Z",
    "dialogsOpened": [],
    "buttonsClicked": [],
    "buttonsIgnored": []
  },
  {
    "id": "f84dda32-c76a-47a5-94f0-6dd7a62d1a92",
    "pageUrl": "http://localhost/secrets/",
    "user": "alice@authcov.io",
    "createdAt": "2019-08-08T13:23:54.778Z",
    "dialogsOpened": [],
    "buttonsClicked": [],
    "buttonsIgnored": []
  },
  {
    "id": "19a90d25-8f06-4054-a3aa-36d1bc875926",
    "pageUrl": "http://localhost/secrets/1",
    "user": "alice@authcov.io",
    "createdAt": "2019-08-08T13:23:56.075Z",
    "dialogsOpened": [],
    "buttonsClicked": [],
    "buttonsIgnored": []
  },
  {
    "id": "b8a430a8-5a9e-462d-8534-def4dd7f84cd",
    "pageUrl": "http://localhost/secrets/1/edit",
    "user": "alice@authcov.io",
    "createdAt": "2019-08-08T13:23:57.462Z",
    "dialogsOpened": [],
    "buttonsClicked": [],
    "buttonsIgnored": [
      "<button>Save</button>"
    ]
  },
  {
    "id": "333bbc78-eb49-412d-96c9-31ec2a581bf9",
    "pageUrl": "http://localhost/secrets/new",
    "user": "alice@authcov.io",
    "createdAt": "2019-08-08T13:23:56.075Z",
    "dialogsOpened": [],
    "buttonsClicked": [],
    "buttonsIgnored": [
      "<button>Save</button>"
    ]
  }
]
