[
  {
    "id": "bee499b8-aa21-4aea-a425-00318e18ebf1",
    "url": "http://localhost/api/posts/1.json",
    "method": "GET",
    "requests": [
      {
        "id": "132a5530-e04b-41ed-ab93-49103adfcbb5",
        "user": "alice@authcov.io",
        "pageUrl": "http://localhost/posts/1",
        "headers": {
          "referer": "http://localhost/posts/1",
          "user-agent": "Mozilla/5.0 (X11; Linux x86_64) AppleWebKit/537.36 (KHTML, like Gecko) HeadlessChrome/75.0.3770.100 Safari/537.36",
          "cookie": "_my_app_session=444b6abb1238c220a34d5e08e006a1fc"
        },
        "response": {
          "status": 200,
          "headers": {
            "date": "Sat, 10 Aug 2019 15:23:14 GMT",
            "x-content-type-options": "nosniff",
            "x-permitted-cross-domain-policies": "none",
            "transfer-encoding": "chunked",
            "connection": "keep-alive",
            "vary": "Origin",
            "x-xss-protection": "1; mode=block",
            "x-request-id": "8efc724b-bdd4-4a51-97c7-70d70a709a5e",
            "x-runtime": "0.020834",
            "referrer-policy": "strict-origin-when-cross-origin",
            "server": "nginx/1.17.2",
            "etag": "W/\"c4b8c21d73eefa4dc8d11b89a1a6c9cf\"",
            "x-download-options": "noopen",
            "x-frame-options": "SAMEORIGIN",
            "content-type": "application/json; charset=utf-8",
            "cache-control": "max-age=0, private, must-revalidate"
          },
          "authorised": true
        }
      },
      {
        "id": "eb04dc48-9d61-47da-ab4e-3542a21bc581",
        "user": "alice@authcov.io",
        "pageUrl": "http://localhost/posts/1/edit",
        "headers": {
          "referer": "http://localhost/posts/1/edit",
          "user-agent": "Mozilla/5.0 (X11; Linux x86_64) AppleWebKit/537.36 (KHTML, like Gecko) HeadlessChrome/75.0.3770.100 Safari/537.36",
          "cookie": "_my_app_session=444b6abb1238c220a34d5e08e006a1fc"
        },
        "response": {
          "status": 200,
          "headers": {
            "date": "Sat, 10 Aug 2019 15:23:15 GMT",
            "x-content-type-options": "nosniff",
            "x-permitted-cross-domain-policies": "none",
            "transfer-encoding": "chunked",
            "connection": "keep-alive",
            "vary": "Origin",
            "x-xss-protection": "1; mode=block",
            "x-request-id": "5f5d53d8-d096-43e9-84ee-237b8c24be2f",
            "x-runtime": "0.013024",
            "referrer-policy": "strict-origin-when-cross-origin",
            "server": "nginx/1.17.2",
            "etag": "W/\"c4b8c21d73eefa4dc8d11b89a1a6c9cf\"",
            "x-download-options": "noopen",
            "x-frame-options": "SAMEORIGIN",
            "content-type": "application/json; charset=utf-8",
            "cache-control": "max-age=0, private, must-revalidate"
          },
          "authorised": true
        }
      }
    ]
  },
  {
    "id": "f4c84651-7c45-42ef-b987-56851854d582",
    "url": "http://localhost/api/posts/2.json",
    "method": "GET",
    "requests": [
      {
        "id": "26e8c3e1-85f9-43ea-844e-42710d00b2ca",
        "user": "alice@authcov.io",
        "pageUrl": "http://localhost/posts/2",
        "headers": {
          "referer": "http://localhost/posts/2",
          "user-agent": "Mozilla/5.0 (X11; Linux x86_64) AppleWebKit/537.36 (KHTML, like Gecko) HeadlessChrome/75.0.3770.100 Safari/537.36",
          "cookie": "_my_app_session=444b6abb1238c220a34d5e08e006a1fc"
        },
        "response": {
          "status": 200,
          "headers": {
            "date": "Sat, 10 Aug 2019 15:23:13 GMT",
            "x-content-type-options": "nosniff",
            "x-permitted-cross-domain-policies": "none",
            "transfer-encoding": "chunked",
            "connection": "keep-alive",
            "vary": "Origin",
            "x-xss-protection": "1; mode=block",
            "x-request-id": "b11b7e53-e0bd-4d62-851d-c307107c5fb5",
            "x-runtime": "0.015588",
            "referrer-policy": "strict-origin-when-cross-origin",
            "server": "nginx/1.17.2",
            "etag": "W/\"052237154fa8230074a2131a2aceb1df\"",
            "x-download-options": "noopen",
            "x-frame-options": "SAMEORIGIN",
            "content-type": "application/json; charset=utf-8",
            "cache-control": "max-age=0, private, must-revalidate"
          },
          "authorised": true
        }
      },
      {
        "id": "10b74679-9dd0-46ef-854a-46b71d47ef03",
        "user": "alice@authcov.io",
        "pageUrl": "http://localhost/posts/2/edit",
        "headers": {
          "referer": "http://localhost/posts/2/edit",
          "user-agent": "Mozilla/5.0 (X11; Linux x86_64) AppleWebKit/537.36 (KHTML, like Gecko) HeadlessChrome/75.0.3770.100 Safari/537.36",
          "cookie": "_my_app_session=444b6abb1238c220a34d5e08e006a1fc"
        },
        "response": {
          "status": 200,
          "headers": {
            "date": "Sat, 10 Aug 2019 15:23:15 GMT",
            "x-content-type-options": "nosniff",
            "x-permitted-cross-domain-policies": "none",
            "transfer-encoding": "chunked",
            "connection": "keep-alive",
            "vary": "Origin",
            "x-xss-protection": "1; mode=block",
            "x-request-id": "c8862080-28d7-4100-ba48-a03593ff6908",
            "x-runtime": "0.012972",
            "referrer-policy": "strict-origin-when-cross-origin",
            "server": "nginx/1.17.2",
            "etag": "W/\"052237154fa8230074a2131a2aceb1df\"",
            "x-download-options": "noopen",
            "x-frame-options": "SAMEORIGIN",
            "content-type": "application/json; charset=utf-8",
            "cache-control": "max-age=0, private, must-revalidate"
          },
          "authorised": true
        }
      }
    ]
  },
  {
    "id": "b00d0a43-496d-49b4-b8df-65510b750e52",
    "url": "http://localhost/api/posts/3.json",
    "method": "GET",
    "requests": [
      {
        "id": "b1d3b82c-4508-44b8-8a24-d87b37835dca",
        "user": "alice@authcov.io",
        "pageUrl": "http://localhost/posts/3",
        "headers": {
          "referer": "http://localhost/posts/3",
          "user-agent": "Mozilla/5.0 (X11; Linux x86_64) AppleWebKit/537.36 (KHTML, like Gecko) HeadlessChrome/75.0.3770.100 Safari/537.36",
          "cookie": "_my_app_session=444b6abb1238c220a34d5e08e006a1fc"
        },
        "response": {
          "status": 200,
          "headers": {
            "date": "Sat, 10 Aug 2019 15:23:14 GMT",
            "x-content-type-options": "nosniff",
            "x-permitted-cross-domain-policies": "none",
            "transfer-encoding": "chunked",
            "connection": "keep-alive",
            "vary": "Origin",
            "x-xss-protection": "1; mode=block",
            "x-request-id": "b34bf9e2-fff5-4eee-976d-315250ee273c",
            "x-runtime": "0.024892",
            "referrer-policy": "strict-origin-when-cross-origin",
            "server": "nginx/1.17.2",
            "etag": "W/\"44bfb90c083e70324e097a3a3dae5563\"",
            "x-download-options": "noopen",
            "x-frame-options": "SAMEORIGIN",
            "content-type": "application/json; charset=utf-8",
            "cache-control": "max-age=0, private, must-revalidate"
          },
          "authorised": true
        }
      },
      {
        "id": "198dc8fb-2735-41d7-a01b-3d0ce1bfb2d2",
        "user": "alice@authcov.io",
        "pageUrl": "http://localhost/posts/3/edit",
        "headers": {
          "referer": "http://localhost/posts/3/edit",
          "user-agent": "Mozilla/5.0 (X11; Linux x86_64) AppleWebKit/537.36 (KHTML, like Gecko) HeadlessChrome/75.0.3770.100 Safari/537.36",
          "cookie": "_my_app_session=444b6abb1238c220a34d5e08e006a1fc"
        },
        "response": {
          "status": 200,
          "headers": {
            "date": "Sat, 10 Aug 2019 15:23:15 GMT",
            "x-content-type-options": "nosniff",
            "x-permitted-cross-domain-policies": "none",
            "transfer-encoding": "chunked",
            "connection": "keep-alive",
            "vary": "Origin",
            "x-xss-protection": "1; mode=block",
            "x-request-id": "79f9880e-729b-4d44-9e09-6fe3dcd7852c",
            "x-runtime": "0.011023",
            "referrer-policy": "strict-origin-when-cross-origin",
            "server": "nginx/1.17.2",
            "etag": "W/\"44bfb90c083e70324e097a3a3dae5563\"",
            "x-download-options": "noopen",
            "x-frame-options": "SAMEORIGIN",
            "content-type": "application/json; charset=utf-8",
            "cache-control": "max-age=0, private, must-revalidate"
          },
          "authorised": true
        }
      }
    ]
  },
  {
    "id": "9c9f551b-2f50-4383-8fa9-8fb5e4198cdd",
    "url": "http://localhost/api/posts/4.json",
    "method": "GET",
    "requests": [
      {
        "id": "6f8d1aba-b1b2-4a95-892d-08a356905421",
        "user": "alice@authcov.io",
        "pageUrl": "http://localhost/posts/4",
        "headers": {
          "referer": "http://localhost/posts/4",
          "user-agent": "Mozilla/5.0 (X11; Linux x86_64) AppleWebKit/537.36 (KHTML, like Gecko) HeadlessChrome/75.0.3770.100 Safari/537.36",
          "cookie": "_my_app_session=444b6abb1238c220a34d5e08e006a1fc"
        },
        "response": {
          "status": 200,
          "headers": {
            "date": "Sat, 10 Aug 2019 15:23:14 GMT",
            "x-content-type-options": "nosniff",
            "x-permitted-cross-domain-policies": "none",
            "transfer-encoding": "chunked",
            "connection": "keep-alive",
            "vary": "Origin",
            "x-xss-protection": "1; mode=block",
            "x-request-id": "deffab2d-b74b-41b7-bd00-f0e61f6d10b7",
            "x-runtime": "0.021930",
            "referrer-policy": "strict-origin-when-cross-origin",
            "server": "nginx/1.17.2",
            "etag": "W/\"b81a8e354016d74d8d2ddd4ee2aabc5d\"",
            "x-download-options": "noopen",
            "x-frame-options": "SAMEORIGIN",
            "content-type": "application/json; charset=utf-8",
            "cache-control": "max-age=0, private, must-revalidate"
          },
          "authorised": true
        }
      },
      {
        "id": "735a4bb9-c1dd-4e38-8a42-262caf115210",
        "user": "alice@authcov.io",
        "pageUrl": "http://localhost/posts/4/edit",
        "headers": {
          "referer": "http://localhost/posts/4/edit",
          "user-agent": "Mozilla/5.0 (X11; Linux x86_64) AppleWebKit/537.36 (KHTML, like Gecko) HeadlessChrome/75.0.3770.100 Safari/537.36",
          "cookie": "_my_app_session=444b6abb1238c220a34d5e08e006a1fc"
        },
        "response": {
          "status": 200,
          "headers": {
            "date": "Sat, 10 Aug 2019 15:23:15 GMT",
            "x-content-type-options": "nosniff",
            "x-permitted-cross-domain-policies": "none",
            "transfer-encoding": "chunked",
            "connection": "keep-alive",
            "vary": "Origin",
            "x-xss-protection": "1; mode=block",
            "x-request-id": "0734d485-961a-43fb-886c-75ac1fe7208e",
            "x-runtime": "0.009610",
            "referrer-policy": "strict-origin-when-cross-origin",
            "server": "nginx/1.17.2",
            "etag": "W/\"b81a8e354016d74d8d2ddd4ee2aabc5d\"",
            "x-download-options": "noopen",
            "x-frame-options": "SAMEORIGIN",
            "content-type": "application/json; charset=utf-8",
            "cache-control": "max-age=0, private, must-revalidate"
          },
          "authorised": true
        }
      }
    ]
  },
  {
    "id": "60b9a27c-6583-4b37-b113-78bfa5576700",
    "url": "http://localhost/api/posts.json",
    "method": "GET",
    "requests": [
      {
        "id": "b3aea20c-1ca1-4aa5-be67-888ba8219f02",
        "user": "alice@authcov.io",
        "pageUrl": "http://localhost/posts",
        "headers": {
          "referer": "http://localhost/posts",
          "user-agent": "Mozilla/5.0 (X11; Linux x86_64) AppleWebKit/537.36 (KHTML, like Gecko) HeadlessChrome/75.0.3770.100 Safari/537.36",
          "cookie": "_my_app_session=444b6abb1238c220a34d5e08e006a1fc"
        },
        "response": {
          "status": 200,
          "headers": {
            "date": "Sat, 10 Aug 2019 15:23:13 GMT",
            "x-content-type-options": "nosniff",
            "x-permitted-cross-domain-policies": "none",
            "transfer-encoding": "chunked",
            "connection": "keep-alive",
            "vary": "Origin",
            "x-xss-protection": "1; mode=block",
            "x-request-id": "c9c5aca0-7920-4397-96a4-94c56b7fb2e1",
            "x-runtime": "0.035663",
            "referrer-policy": "strict-origin-when-cross-origin",
            "server": "nginx/1.17.2",
            "etag": "W/\"3821164fbacf3dd6de60f8806c601702\"",
            "x-download-options": "noopen",
            "x-frame-options": "SAMEORIGIN",
            "content-type": "application/json; charset=utf-8",
            "cache-control": "max-age=0, private, must-revalidate"
          },
          "authorised": true
        }
      }
    ]
  },
  {
    "id": "a2cec34a-b674-4a8f-8559-79bfad1104b5",
    "url": "http://localhost/api/secrets/1.json",
    "method": "GET",
    "requests": [
      {
        "id": "813076e2-c4a2-4b28-bbae-900eb7da4cef",
        "user": "alice@authcov.io",
        "pageUrl": "http://localhost/secrets/1",
        "headers": {
          "referer": "http://localhost/secrets/1",
          "user-agent": "Mozilla/5.0 (X11; Linux x86_64) AppleWebKit/537.36 (KHTML, like Gecko) HeadlessChrome/75.0.3770.100 Safari/537.36",
          "cookie": "_my_app_session=444b6abb1238c220a34d5e08e006a1fc"
        },
        "response": {
          "status": 200,
          "headers": {
            "date": "Sat, 10 Aug 2019 15:23:14 GMT",
            "x-content-type-options": "nosniff",
            "x-permitted-cross-domain-policies": "none",
            "transfer-encoding": "chunked",
            "connection": "keep-alive",
            "vary": "Origin",
            "x-xss-protection": "1; mode=block",
            "x-request-id": "e100849a-f27f-4772-877a-f5974daecb7a",
            "x-runtime": "0.011520",
            "referrer-policy": "strict-origin-when-cross-origin",
            "server": "nginx/1.17.2",
            "etag": "W/\"4472dc85fe58e565427ab247bed7b408\"",
            "x-download-options": "noopen",
            "x-frame-options": "SAMEORIGIN",
            "content-type": "application/json; charset=utf-8",
            "cache-control": "max-age=0, private, must-revalidate"
          },
          "authorised": true
        }
      },
      {
        "id": "48ebbf75-e139-40d2-8973-88d9c4762350",
        "user": "alice@authcov.io",
        "pageUrl": "http://localhost/secrets/1/edit",
        "headers": {
          "referer": "http://localhost/secrets/1/edit",
          "user-agent": "Mozilla/5.0 (X11; Linux x86_64) AppleWebKit/537.36 (KHTML, like Gecko) HeadlessChrome/75.0.3770.100 Safari/537.36",
          "cookie": "_my_app_session=444b6abb1238c220a34d5e08e006a1fc"
        },
        "response": {
          "status": 200,
          "headers": {
            "date": "Sat, 10 Aug 2019 15:23:15 GMT",
            "x-content-type-options": "nosniff",
            "x-permitted-cross-domain-policies": "none",
            "transfer-encoding": "chunked",
            "connection": "keep-alive",
            "vary": "Origin",
            "x-xss-protection": "1; mode=block",
            "x-request-id": "efb36397-6e7a-441f-ae46-39a0cf43198f",
            "x-runtime": "0.021379",
            "referrer-policy": "strict-origin-when-cross-origin",
            "server": "nginx/1.17.2",
            "etag": "W/\"4472dc85fe58e565427ab247bed7b408\"",
            "x-download-options": "noopen",
            "x-frame-options": "SAMEORIGIN",
            "content-type": "application/json; charset=utf-8",
            "cache-control": "max-age=0, private, must-revalidate"
          },
          "authorised": true
        }
      }
    ]
  },
  {
    "id": "01290993-9e10-4840-93d0-ec63ea9c8cb5",
    "url": "http://localhost/api/secrets.json",
    "method": "GET",
    "requests": [
      {
        "id": "13f7e022-671b-4724-8a06-bfe82f6cde13",
        "user": "alice@authcov.io",
        "pageUrl": "http://localhost/secrets/",
        "headers": {
          "referer": "http://localhost/secrets/",
          "user-agent": "Mozilla/5.0 (X11; Linux x86_64) AppleWebKit/537.36 (KHTML, like Gecko) HeadlessChrome/75.0.3770.100 Safari/537.36",
          "cookie": "_my_app_session=444b6abb1238c220a34d5e08e006a1fc"
        },
        "response": {
          "status": 200,
          "headers": {
            "date": "Sat, 10 Aug 2019 15:23:13 GMT",
            "x-content-type-options": "nosniff",
            "x-permitted-cross-domain-policies": "none",
            "transfer-encoding": "chunked",
            "connection": "keep-alive",
            "vary": "Origin",
            "x-xss-protection": "1; mode=block",
            "x-request-id": "4c8fb33e-7244-47cf-b548-dfc58cad6f30",
            "x-runtime": "0.021892",
            "referrer-policy": "strict-origin-when-cross-origin",
            "server": "nginx/1.17.2",
            "etag": "W/\"5923f93dc555166fcaf8f9798a0f7aea\"",
            "x-download-options": "noopen",
            "x-frame-options": "SAMEORIGIN",
            "content-type": "application/json; charset=utf-8",
            "cache-control": "max-age=0, private, must-revalidate"
          },
          "authorised": true
        }
      },
      {
        "id": "136eafbb-8368-4ce0-aede-4f54db4409af",
        "user": "alice@authcov.io",
        "pageUrl": "http://localhost/secrets",
        "headers": {
          "referer": "http://localhost/secrets",
          "user-agent": "Mozilla/5.0 (X11; Linux x86_64) AppleWebKit/537.36 (KHTML, like Gecko) HeadlessChrome/75.0.3770.100 Safari/537.36",
          "cookie": "_my_app_session=444b6abb1238c220a34d5e08e006a1fc"
        },
        "response": {
          "status": 200,
          "headers": {
            "date": "Sat, 10 Aug 2019 15:23:15 GMT",
            "x-content-type-options": "nosniff",
            "x-permitted-cross-domain-policies": "none",
            "transfer-encoding": "chunked",
            "connection": "keep-alive",
            "vary": "Origin",
            "x-xss-protection": "1; mode=block",
            "x-request-id": "79457971-b8a1-4152-9f76-fee4938ab985",
            "x-runtime": "0.011151",
            "referrer-policy": "strict-origin-when-cross-origin",
            "server": "nginx/1.17.2",
            "etag": "W/\"5923f93dc555166fcaf8f9798a0f7aea\"",
            "x-download-options": "noopen",
            "x-frame-options": "SAMEORIGIN",
            "content-type": "application/json; charset=utf-8",
            "cache-control": "max-age=0, private, must-revalidate"
          },
          "authorised": true
        }
      }
    ]
  }
]
