[
  {
    "id": "b8d41699-ce05-42e0-a3de-a98d6eff07be",
    "url": "http://localhost/api/posts.json",
    "method": "GET",
    "requests": [
      {
        "id": "b21d9ab3-8968-486d-a80d-55d48533252c",
        "user": "alice@authcov.io",
        "pageUrl": "http://localhost/posts",
        "headers": {
          "referer": "http://localhost/posts",
          "user-agent": "Mozilla/5.0 (X11; Linux x86_64) AppleWebKit/537.36 (KHTML, like Gecko) HeadlessChrome/75.0.3770.100 Safari/537.36",
          "cookie": "_my_app_session=94ffdd6028b80296e198a5f4c76550a8"
        },
        "response": {
          "status": 200,
          "headers": {
            "date": "Thu, 08 Aug 2019 10:15:09 GMT",
            "x-content-type-options": "nosniff",
            "x-permitted-cross-domain-policies": "none",
            "transfer-encoding": "chunked",
            "connection": "keep-alive",
            "vary": "Origin",
            "x-xss-protection": "1; mode=block",
            "x-request-id": "86d97b0b-a0ca-432b-bc25-3eb022156b3d",
            "x-runtime": "0.011347",
            "referrer-policy": "strict-origin-when-cross-origin",
            "server": "nginx/1.17.2",
            "etag": "W/\"3821164fbacf3dd6de60f8806c601702\"",
            "x-download-options": "noopen",
            "x-frame-options": "SAMEORIGIN",
            "content-type": "application/json; charset=utf-8",
            "cache-control": "max-age=0, private, must-revalidate"
          },
          "authorised": true
        }
      }
    ]
  },
  {
    "id": "5d728dbe-9520-4d00-81c0-1346c29cc17a",
    "url": "http://localhost/api/posts/3.json",
    "method": "GET",
    "requests": [
      {
        "id": "f667b476-c3ae-4bfb-a6d0-e2f672d1ea1f",
        "user": "alice@authcov.io",
        "pageUrl": "http://localhost/posts/3",
        "headers": {
          "referer": "http://localhost/posts/3",
          "user-agent": "Mozilla/5.0 (X11; Linux x86_64) AppleWebKit/537.36 (KHTML, like Gecko) HeadlessChrome/75.0.3770.100 Safari/537.36",
          "cookie": "_my_app_session=94ffdd6028b80296e198a5f4c76550a8"
        },
        "response": {
          "status": 200,
          "headers": {
            "date": "Thu, 08 Aug 2019 10:15:10 GMT",
            "x-content-type-options": "nosniff",
            "x-permitted-cross-domain-policies": "none",
            "transfer-encoding": "chunked",
            "connection": "keep-alive",
            "vary": "Origin",
            "x-xss-protection": "1; mode=block",
            "x-request-id": "790e2edc-3799-4d2f-9d20-1d88a2fdb815",
            "x-runtime": "0.012680",
            "referrer-policy": "strict-origin-when-cross-origin",
            "server": "nginx/1.17.2",
            "etag": "W/\"44bfb90c083e70324e097a3a3dae5563\"",
            "x-download-options": "noopen",
            "x-frame-options": "SAMEORIGIN",
            "content-type": "application/json; charset=utf-8",
            "cache-control": "max-age=0, private, must-revalidate"
          },
          "authorised": true
        }
      },
      {
        "id": "ec861101-7cac-4c57-9cdc-853bbe56f262",
        "user": "alice@authcov.io",
        "pageUrl": "http://localhost/posts/3/edit",
        "headers": {
          "referer": "http://localhost/posts/3/edit",
          "user-agent": "Mozilla/5.0 (X11; Linux x86_64) AppleWebKit/537.36 (KHTML, like Gecko) HeadlessChrome/75.0.3770.100 Safari/537.36",
          "cookie": "_my_app_session=94ffdd6028b80296e198a5f4c76550a8"
        },
        "response": {
          "status": 200,
          "headers": {
            "date": "Thu, 08 Aug 2019 10:15:11 GMT",
            "x-content-type-options": "nosniff",
            "x-permitted-cross-domain-policies": "none",
            "transfer-encoding": "chunked",
            "connection": "keep-alive",
            "vary": "Origin",
            "x-xss-protection": "1; mode=block",
            "x-request-id": "64c3f9ec-99a9-49b2-94be-812ba6a021dd",
            "x-runtime": "0.011279",
            "referrer-policy": "strict-origin-when-cross-origin",
            "server": "nginx/1.17.2",
            "etag": "W/\"44bfb90c083e70324e097a3a3dae5563\"",
            "x-download-options": "noopen",
            "x-frame-options": "SAMEORIGIN",
            "content-type": "application/json; charset=utf-8",
            "cache-control": "max-age=0, private, must-revalidate"
          },
          "authorised": true
        }
      }
    ]
  },
  {
    "id": "5bd7e82d-8a08-4770-822c-ce8a97f71bbf",
    "url": "http://localhost/api/posts/2.json",
    "method": "GET",
    "requests": [
      {
        "id": "96147b95-a7ce-429d-b621-28f32272c804",
        "user": "alice@authcov.io",
        "pageUrl": "http://localhost/posts/2",
        "headers": {
          "referer": "http://localhost/posts/2",
          "user-agent": "Mozilla/5.0 (X11; Linux x86_64) AppleWebKit/537.36 (KHTML, like Gecko) HeadlessChrome/75.0.3770.100 Safari/537.36",
          "cookie": "_my_app_session=94ffdd6028b80296e198a5f4c76550a8"
        },
        "response": {
          "status": 200,
          "headers": {
            "date": "Thu, 08 Aug 2019 10:15:10 GMT",
            "x-content-type-options": "nosniff",
            "x-permitted-cross-domain-policies": "none",
            "transfer-encoding": "chunked",
            "connection": "keep-alive",
            "vary": "Origin",
            "x-xss-protection": "1; mode=block",
            "x-request-id": "8bc45b5d-8f6f-4ced-ad98-8d473fed2bb3",
            "x-runtime": "0.009989",
            "referrer-policy": "strict-origin-when-cross-origin",
            "server": "nginx/1.17.2",
            "etag": "W/\"052237154fa8230074a2131a2aceb1df\"",
            "x-download-options": "noopen",
            "x-frame-options": "SAMEORIGIN",
            "content-type": "application/json; charset=utf-8",
            "cache-control": "max-age=0, private, must-revalidate"
          },
          "authorised": true
        }
      },
      {
        "id": "f9745309-c81d-43e6-a78f-481a244dddbc",
        "user": "alice@authcov.io",
        "pageUrl": "http://localhost/posts/2/edit",
        "headers": {
          "referer": "http://localhost/posts/2/edit",
          "user-agent": "Mozilla/5.0 (X11; Linux x86_64) AppleWebKit/537.36 (KHTML, like Gecko) HeadlessChrome/75.0.3770.100 Safari/537.36",
          "cookie": "_my_app_session=94ffdd6028b80296e198a5f4c76550a8"
        },
        "response": {
          "status": 200,
          "headers": {
            "date": "Thu, 08 Aug 2019 10:15:11 GMT",
            "x-content-type-options": "nosniff",
            "x-permitted-cross-domain-policies": "none",
            "transfer-encoding": "chunked",
            "connection": "keep-alive",
            "vary": "Origin",
            "x-xss-protection": "1; mode=block",
            "x-request-id": "78c454fb-4cf1-427d-92e4-c734aaefb8bf",
            "x-runtime": "0.019214",
            "referrer-policy": "strict-origin-when-cross-origin",
            "server": "nginx/1.17.2",
            "etag": "W/\"052237154fa8230074a2131a2aceb1df\"",
            "x-download-options": "noopen",
            "x-frame-options": "SAMEORIGIN",
            "content-type": "application/json; charset=utf-8",
            "cache-control": "max-age=0, private, must-revalidate"
          },
          "authorised": true
        }
      }
    ]
  },
  {
    "id": "4ba738c3-1d12-4240-8d4c-0d1988428013",
    "url": "http://localhost/api/posts/4.json",
    "method": "GET",
    "requests": [
      {
        "id": "43419b96-330f-4f6f-8172-6e4d57420ccc",
        "user": "alice@authcov.io",
        "pageUrl": "http://localhost/posts/4",
        "headers": {
          "referer": "http://localhost/posts/4",
          "user-agent": "Mozilla/5.0 (X11; Linux x86_64) AppleWebKit/537.36 (KHTML, like Gecko) HeadlessChrome/75.0.3770.100 Safari/537.36",
          "cookie": "_my_app_session=94ffdd6028b80296e198a5f4c76550a8"
        },
        "response": {
          "status": 200,
          "headers": {
            "date": "Thu, 08 Aug 2019 10:15:10 GMT",
            "x-content-type-options": "nosniff",
            "x-permitted-cross-domain-policies": "none",
            "transfer-encoding": "chunked",
            "connection": "keep-alive",
            "vary": "Origin",
            "x-xss-protection": "1; mode=block",
            "x-request-id": "9e704882-b06b-4e02-ab44-74316601396d",
            "x-runtime": "0.013162",
            "referrer-policy": "strict-origin-when-cross-origin",
            "server": "nginx/1.17.2",
            "etag": "W/\"b81a8e354016d74d8d2ddd4ee2aabc5d\"",
            "x-download-options": "noopen",
            "x-frame-options": "SAMEORIGIN",
            "content-type": "application/json; charset=utf-8",
            "cache-control": "max-age=0, private, must-revalidate"
          },
          "authorised": true
        }
      },
      {
        "id": "6dd02b7f-83b9-4e46-a130-75fab6901722",
        "user": "alice@authcov.io",
        "pageUrl": "http://localhost/posts/4/edit",
        "headers": {
          "referer": "http://localhost/posts/4/edit",
          "user-agent": "Mozilla/5.0 (X11; Linux x86_64) AppleWebKit/537.36 (KHTML, like Gecko) HeadlessChrome/75.0.3770.100 Safari/537.36",
          "cookie": "_my_app_session=94ffdd6028b80296e198a5f4c76550a8"
        },
        "response": {
          "status": 200,
          "headers": {
            "date": "Thu, 08 Aug 2019 10:15:11 GMT",
            "x-content-type-options": "nosniff",
            "x-permitted-cross-domain-policies": "none",
            "transfer-encoding": "chunked",
            "connection": "keep-alive",
            "vary": "Origin",
            "x-xss-protection": "1; mode=block",
            "x-request-id": "4a0b9319-fc07-4cd4-acb1-da1ef72f2bc9",
            "x-runtime": "0.015644",
            "referrer-policy": "strict-origin-when-cross-origin",
            "server": "nginx/1.17.2",
            "etag": "W/\"b81a8e354016d74d8d2ddd4ee2aabc5d\"",
            "x-download-options": "noopen",
            "x-frame-options": "SAMEORIGIN",
            "content-type": "application/json; charset=utf-8",
            "cache-control": "max-age=0, private, must-revalidate"
          },
          "authorised": true
        }
      }
    ]
  },
  {
    "id": "9523e547-4239-4803-b650-050a03cc0c1f",
    "url": "http://localhost/api/posts/1.json",
    "method": "GET",
    "requests": [
      {
        "id": "a8f09335-8776-4693-a5a0-cf3bc161954b",
        "user": "alice@authcov.io",
        "pageUrl": "http://localhost/posts/1",
        "headers": {
          "referer": "http://localhost/posts/1",
          "user-agent": "Mozilla/5.0 (X11; Linux x86_64) AppleWebKit/537.36 (KHTML, like Gecko) HeadlessChrome/75.0.3770.100 Safari/537.36",
          "cookie": "_my_app_session=94ffdd6028b80296e198a5f4c76550a8"
        },
        "response": {
          "status": 200,
          "headers": {
            "date": "Thu, 08 Aug 2019 10:15:10 GMT",
            "x-content-type-options": "nosniff",
            "x-permitted-cross-domain-policies": "none",
            "transfer-encoding": "chunked",
            "connection": "keep-alive",
            "vary": "Origin",
            "x-xss-protection": "1; mode=block",
            "x-request-id": "d2a575ae-25b3-44a5-beb8-5c1334f8a128",
            "x-runtime": "0.010939",
            "referrer-policy": "strict-origin-when-cross-origin",
            "server": "nginx/1.17.2",
            "etag": "W/\"c4b8c21d73eefa4dc8d11b89a1a6c9cf\"",
            "x-download-options": "noopen",
            "x-frame-options": "SAMEORIGIN",
            "content-type": "application/json; charset=utf-8",
            "cache-control": "max-age=0, private, must-revalidate"
          },
          "authorised": true
        }
      },
      {
        "id": "7f79b7b0-5ead-4e1c-a531-0ad776840914",
        "user": "alice@authcov.io",
        "pageUrl": "http://localhost/posts/1/edit",
        "headers": {
          "referer": "http://localhost/posts/1/edit",
          "user-agent": "Mozilla/5.0 (X11; Linux x86_64) AppleWebKit/537.36 (KHTML, like Gecko) HeadlessChrome/75.0.3770.100 Safari/537.36",
          "cookie": "_my_app_session=94ffdd6028b80296e198a5f4c76550a8"
        },
        "response": {
          "status": 200,
          "headers": {
            "date": "Thu, 08 Aug 2019 10:15:11 GMT",
            "x-content-type-options": "nosniff",
            "x-permitted-cross-domain-policies": "none",
            "transfer-encoding": "chunked",
            "connection": "keep-alive",
            "vary": "Origin",
            "x-xss-protection": "1; mode=block",
            "x-request-id": "0f4a1ed6-e58f-4fa1-b7c9-130293b69c09",
            "x-runtime": "0.008330",
            "referrer-policy": "strict-origin-when-cross-origin",
            "server": "nginx/1.17.2",
            "etag": "W/\"c4b8c21d73eefa4dc8d11b89a1a6c9cf\"",
            "x-download-options": "noopen",
            "x-frame-options": "SAMEORIGIN",
            "content-type": "application/json; charset=utf-8",
            "cache-control": "max-age=0, private, must-revalidate"
          },
          "authorised": true
        }
      }
    ]
  },
  {
    "id": "cf56ea0c-4d46-4e8a-a7bd-857685f31082",
    "url": "http://localhost/api/secrets.json",
    "method": "GET",
    "requests": [
      {
        "id": "b6472fc7-7a8b-40db-a6bc-b8789081daa7",
        "user": "alice@authcov.io",
        "pageUrl": "http://localhost/secrets/",
        "headers": {
          "referer": "http://localhost/secrets/",
          "user-agent": "Mozilla/5.0 (X11; Linux x86_64) AppleWebKit/537.36 (KHTML, like Gecko) HeadlessChrome/75.0.3770.100 Safari/537.36",
          "cookie": "_my_app_session=94ffdd6028b80296e198a5f4c76550a8"
        },
        "response": {
          "status": 200,
          "headers": {
            "date": "Thu, 08 Aug 2019 10:15:09 GMT",
            "x-content-type-options": "nosniff",
            "x-permitted-cross-domain-policies": "none",
            "transfer-encoding": "chunked",
            "connection": "keep-alive",
            "vary": "Origin",
            "x-xss-protection": "1; mode=block",
            "x-request-id": "e0a59f5f-8f1c-4467-acc8-d34102cfc1ae",
            "x-runtime": "0.008924",
            "referrer-policy": "strict-origin-when-cross-origin",
            "server": "nginx/1.17.2",
            "etag": "W/\"5923f93dc555166fcaf8f9798a0f7aea\"",
            "x-download-options": "noopen",
            "x-frame-options": "SAMEORIGIN",
            "content-type": "application/json; charset=utf-8",
            "cache-control": "max-age=0, private, must-revalidate"
          },
          "authorised": true
        }
      },
      {
        "id": "32414438-f037-4978-81e4-ab64717f8fd1",
        "user": "alice@authcov.io",
        "pageUrl": "http://localhost/secrets",
        "headers": {
          "referer": "http://localhost/secrets",
          "user-agent": "Mozilla/5.0 (X11; Linux x86_64) AppleWebKit/537.36 (KHTML, like Gecko) HeadlessChrome/75.0.3770.100 Safari/537.36",
          "cookie": "_my_app_session=94ffdd6028b80296e198a5f4c76550a8"
        },
        "response": {
          "status": 200,
          "headers": {
            "date": "Thu, 08 Aug 2019 10:15:11 GMT",
            "x-content-type-options": "nosniff",
            "x-permitted-cross-domain-policies": "none",
            "transfer-encoding": "chunked",
            "connection": "keep-alive",
            "vary": "Origin",
            "x-xss-protection": "1; mode=block",
            "x-request-id": "28da6b38-3b23-4368-9095-b91359aa20e2",
            "x-runtime": "0.009337",
            "referrer-policy": "strict-origin-when-cross-origin",
            "server": "nginx/1.17.2",
            "etag": "W/\"5923f93dc555166fcaf8f9798a0f7aea\"",
            "x-download-options": "noopen",
            "x-frame-options": "SAMEORIGIN",
            "content-type": "application/json; charset=utf-8",
            "cache-control": "max-age=0, private, must-revalidate"
          },
          "authorised": true
        }
      }
    ]
  },
  {
    "id": "59abb117-9755-4dbd-a2d4-822039dc7aaa",
    "url": "http://localhost/api/secrets/1.json",
    "method": "GET",
    "requests": [
      {
        "id": "62a61405-94e6-45d5-b51e-94ab0acd50d2",
        "user": "alice@authcov.io",
        "pageUrl": "http://localhost/secrets/1",
        "headers": {
          "referer": "http://localhost/secrets/1",
          "user-agent": "Mozilla/5.0 (X11; Linux x86_64) AppleWebKit/537.36 (KHTML, like Gecko) HeadlessChrome/75.0.3770.100 Safari/537.36",
          "cookie": "_my_app_session=94ffdd6028b80296e198a5f4c76550a8"
        },
        "response": {
          "status": 200,
          "headers": {
            "date": "Thu, 08 Aug 2019 10:15:10 GMT",
            "x-content-type-options": "nosniff",
            "x-permitted-cross-domain-policies": "none",
            "transfer-encoding": "chunked",
            "connection": "keep-alive",
            "vary": "Origin",
            "x-xss-protection": "1; mode=block",
            "x-request-id": "8653d80c-4e4e-4c3a-a81d-92543aaf61ce",
            "x-runtime": "0.009608",
            "referrer-policy": "strict-origin-when-cross-origin",
            "server": "nginx/1.17.2",
            "etag": "W/\"4472dc85fe58e565427ab247bed7b408\"",
            "x-download-options": "noopen",
            "x-frame-options": "SAMEORIGIN",
            "content-type": "application/json; charset=utf-8",
            "cache-control": "max-age=0, private, must-revalidate"
          },
          "authorised": true
        }
      },
      {
        "id": "a7ef229a-fcf6-42e8-ac41-01de2e8611d3",
        "user": "alice@authcov.io",
        "pageUrl": "http://localhost/secrets/1/edit",
        "headers": {
          "referer": "http://localhost/secrets/1/edit",
          "user-agent": "Mozilla/5.0 (X11; Linux x86_64) AppleWebKit/537.36 (KHTML, like Gecko) HeadlessChrome/75.0.3770.100 Safari/537.36",
          "cookie": "_my_app_session=94ffdd6028b80296e198a5f4c76550a8"
        },
        "response": {
          "status": 200,
          "headers": {
            "date": "Thu, 08 Aug 2019 10:15:11 GMT",
            "x-content-type-options": "nosniff",
            "x-permitted-cross-domain-policies": "none",
            "transfer-encoding": "chunked",
            "connection": "keep-alive",
            "vary": "Origin",
            "x-xss-protection": "1; mode=block",
            "x-request-id": "86271fa1-2365-42bc-9ee1-c7efe6f34a2c",
            "x-runtime": "0.010550",
            "referrer-policy": "strict-origin-when-cross-origin",
            "server": "nginx/1.17.2",
            "etag": "W/\"4472dc85fe58e565427ab247bed7b408\"",
            "x-download-options": "noopen",
            "x-frame-options": "SAMEORIGIN",
            "content-type": "application/json; charset=utf-8",
            "cache-control": "max-age=0, private, must-revalidate"
          },
          "authorised": true
        }
      }
    ]
  },
  {
    "id": "e46ad228-8367-4793-802a-542f04c04dcc",
    "url": "http://localhost/api/settings/one.json",
    "method": "GET",
    "requests": [
      {
        "id": "f2595c6f-c4f9-40d4-acf0-68e90e4aaef6",
        "user": "alice@authcov.io",
        "pageUrl": "http://localhost",
        "headers": {
          "referer": "http://localhost/",
          "user-agent": "Mozilla/5.0 (X11; Linux x86_64) AppleWebKit/537.36 (KHTML, like Gecko) HeadlessChrome/75.0.3770.100 Safari/537.36",
          "cookie": "_my_app_session=94ffdd6028b80296e198a5f4c76550a8"
        },
        "response": {
          "status": 200,
          "headers": {
            "date": "Thu, 08 Aug 2019 10:15:08 GMT",
            "x-content-type-options": "nosniff",
            "x-permitted-cross-domain-policies": "none",
            "transfer-encoding": "chunked",
            "connection": "keep-alive",
            "vary": "Origin",
            "x-xss-protection": "1; mode=block",
            "x-request-id": "a6bc1262-41d2-4f46-ac6f-4c1e91927ecd",
            "x-runtime": "0.004012",
            "referrer-policy": "strict-origin-when-cross-origin",
            "server": "nginx/1.17.2",
            "etag": "W/\"2ff439d24c9e548c6bbf2e6aa0387051\"",
            "x-download-options": "noopen",
            "x-frame-options": "SAMEORIGIN",
            "content-type": "application/json; charset=utf-8",
            "cache-control": "max-age=0, private, must-revalidate"
          },
          "authorised": true
        }
      },
      {
        "id": "112fa224-5d4f-46f8-9a3d-d242370021e8",
        "user": "alice@authcov.io",
        "pageUrl": "http://localhost/",
        "headers": {
          "referer": "http://localhost/",
          "user-agent": "Mozilla/5.0 (X11; Linux x86_64) AppleWebKit/537.36 (KHTML, like Gecko) HeadlessChrome/75.0.3770.100 Safari/537.36",
          "cookie": "_my_app_session=94ffdd6028b80296e198a5f4c76550a8"
        },
        "response": {
          "status": 200,
          "headers": {
            "date": "Thu, 08 Aug 2019 10:15:10 GMT",
            "x-content-type-options": "nosniff",
            "x-permitted-cross-domain-policies": "none",
            "transfer-encoding": "chunked",
            "connection": "keep-alive",
            "vary": "Origin",
            "x-xss-protection": "1; mode=block",
            "x-request-id": "912d331b-8582-4873-95f8-68555233bbd5",
            "x-runtime": "0.004141",
            "referrer-policy": "strict-origin-when-cross-origin",
            "server": "nginx/1.17.2",
            "etag": "W/\"2ff439d24c9e548c6bbf2e6aa0387051\"",
            "x-download-options": "noopen",
            "x-frame-options": "SAMEORIGIN",
            "content-type": "application/json; charset=utf-8",
            "cache-control": "max-age=0, private, must-revalidate"
          },
          "authorised": true
        }
      }
    ]
  }
]
