[
  {
    "id": "74d8b594-5c1b-4203-8bb1-79d375ebc57e",
    "pageUrl": "http://localhost",
    "user": "alice@authcov.io",
    "createdAt": "2019-08-12T07:21:27.833Z",
    "dialogsOpened": [],
    "buttonsClicked": [
      "<button>Settings</button>",
      "<button>Hello World</button>"
    ],
    "buttonsIgnored": []
  }
]
