[
  {
    "id": "35320014-a373-4247-bd6e-c67483c328a4",
    "pageUrl": "http://localhost/really_slow",
    "user": "alice@authcov.io",
    "createdAt": "2019-08-12T07:48:00.393Z",
    "dialogsOpened": [],
    "buttonsClicked": [],
    "buttonsIgnored": []
  }
]
